Component: ARM Compiler 5.06 update 7 (build 960) Tool: armlink [4d3601]

==============================================================================

Section Cross References

    main.o(i.main) refers to stm32f4xx_hal.o(i.HAL_Init) for HAL_Init
    main.o(i.main) refers to sys.o(i.Stm32_Clock_Init) for Stm32_Clock_Init
    main.o(i.main) refers to delay.o(i.delay_init) for delay_init
    main.o(i.main) refers to usart.o(i.uart_init) for uart_init
    main.o(i.main) refers to key.o(i.KEY_Init) for KEY_Init
    main.o(i.main) refers to stm32f4xx_hal_gpio.o(i.HAL_GPIO_WritePin) for HAL_GPIO_WritePin
    main.o(i.main) refers to sdio_sdcard.o(i.SD_Init) for SD_Init
    main.o(i.main) refers to exfuns.o(i.exfuns_init) for exfuns_init
    main.o(i.main) refers to ff.o(i.f_mount) for f_mount
    main.o(i.main) refers to printf5.o(i.__0printf$5) for __2printf
    main.o(i.main) refers to ff.o(i.f_open) for f_open
    main.o(i.main) refers to ff.o(i.f_close) for f_close
    main.o(i.main) refers to iap.o(i.iap_load_app) for iap_load_app
    main.o(i.main) refers to delay.o(i.delay_ms) for delay_ms
    main.o(i.main) refers to ff.o(i.f_read) for f_read
    main.o(i.main) refers to iap.o(i.iap_write_appbin) for iap_write_appbin
    main.o(i.main) refers to stm32f4xx_hal_flash.o(i.HAL_FLASH_Lock) for HAL_FLASH_Lock
    main.o(i.main) refers to ff.o(i.f_unlink) for f_unlink
    main.o(i.main) refers to exfuns.o(.bss) for fs
    main.o(i.main) refers to exfuns.o(.data) for file
    main.o(i.main) refers to exfuns.o(.data) for bw
    main.o(i.main) refers to main.o(.data) for .data
    main.o(i.main) refers to main.o(.ARM.__AT_0x20001000) for .ARM.__AT_0x20001000
    main.o(.data) refers to main.o(.ARM.__AT_0x20001000) for AppData
    stm32f4xx_it.o(i.HardFault_Handler) refers to printf5.o(i.__0printf$5) for __2printf
    stm32f4xx_it.o(i.SysTick_Handler) refers to stm32f4xx_hal.o(i.HAL_IncTick) for HAL_IncTick
    system_stm32f4xx.o(i.SystemCoreClockUpdate) refers to system_stm32f4xx.o(.data) for .data
    startup_stm32f429xx.o(RESET) refers to startup_stm32f429xx.o(STACK) for __initial_sp
    startup_stm32f429xx.o(RESET) refers to startup_stm32f429xx.o(.text) for Reset_Handler
    startup_stm32f429xx.o(RESET) refers to stm32f4xx_it.o(i.NMI_Handler) for NMI_Handler
    startup_stm32f429xx.o(RESET) refers to stm32f4xx_it.o(i.HardFault_Handler) for HardFault_Handler
    startup_stm32f429xx.o(RESET) refers to stm32f4xx_it.o(i.MemManage_Handler) for MemManage_Handler
    startup_stm32f429xx.o(RESET) refers to stm32f4xx_it.o(i.BusFault_Handler) for BusFault_Handler
    startup_stm32f429xx.o(RESET) refers to stm32f4xx_it.o(i.UsageFault_Handler) for UsageFault_Handler
    startup_stm32f429xx.o(RESET) refers to stm32f4xx_it.o(i.SVC_Handler) for SVC_Handler
    startup_stm32f429xx.o(RESET) refers to stm32f4xx_it.o(i.DebugMon_Handler) for DebugMon_Handler
    startup_stm32f429xx.o(RESET) refers to stm32f4xx_it.o(i.PendSV_Handler) for PendSV_Handler
    startup_stm32f429xx.o(RESET) refers to stm32f4xx_it.o(i.SysTick_Handler) for SysTick_Handler
    startup_stm32f429xx.o(RESET) refers to usart.o(i.USART1_IRQHandler) for USART1_IRQHandler
    startup_stm32f429xx.o(.text) refers to system_stm32f4xx.o(i.SystemInit) for SystemInit
    startup_stm32f429xx.o(.text) refers to entry.o(.ARM.Collect$$$$00000000) for __main
    stm32f4xx_hal.o(i.HAL_DeInit) refers to stm32f4xx_hal.o(i.HAL_MspDeInit) for HAL_MspDeInit
    stm32f4xx_hal.o(i.HAL_Delay) refers to stm32f4xx_hal.o(i.HAL_GetTick) for HAL_GetTick
    stm32f4xx_hal.o(i.HAL_GetTick) refers to stm32f4xx_hal.o(.data) for .data
    stm32f4xx_hal.o(i.HAL_IncTick) refers to stm32f4xx_hal.o(.data) for .data
    stm32f4xx_hal.o(i.HAL_Init) refers to stm32f4xx_hal_cortex.o(i.HAL_NVIC_SetPriorityGrouping) for HAL_NVIC_SetPriorityGrouping
    stm32f4xx_hal.o(i.HAL_Init) refers to stm32f4xx_hal.o(i.HAL_InitTick) for HAL_InitTick
    stm32f4xx_hal.o(i.HAL_Init) refers to stm32f4xx_hal.o(i.HAL_MspInit) for HAL_MspInit
    stm32f4xx_hal.o(i.HAL_InitTick) refers to stm32f4xx_hal_rcc.o(i.HAL_RCC_GetHCLKFreq) for HAL_RCC_GetHCLKFreq
    stm32f4xx_hal.o(i.HAL_InitTick) refers to stm32f4xx_hal_cortex.o(i.HAL_SYSTICK_Config) for HAL_SYSTICK_Config
    stm32f4xx_hal.o(i.HAL_InitTick) refers to stm32f4xx_hal_cortex.o(i.HAL_NVIC_SetPriority) for HAL_NVIC_SetPriority
    stm32f4xx_hal_cortex.o(i.HAL_NVIC_SetPriority) refers to stm32f4xx_hal_cortex.o(i.NVIC_SetPriority) for NVIC_SetPriority
    stm32f4xx_hal_cortex.o(i.HAL_SYSTICK_Config) refers to stm32f4xx_hal_cortex.o(i.NVIC_SetPriority) for NVIC_SetPriority
    stm32f4xx_hal_cortex.o(i.HAL_SYSTICK_IRQHandler) refers to stm32f4xx_hal_cortex.o(i.HAL_SYSTICK_Callback) for HAL_SYSTICK_Callback
    stm32f4xx_hal_gpio.o(i.HAL_GPIO_EXTI_IRQHandler) refers to stm32f4xx_hal_gpio.o(i.HAL_GPIO_EXTI_Callback) for HAL_GPIO_EXTI_Callback
    stm32f4xx_hal_pwr.o(i.HAL_PWR_PVD_IRQHandler) refers to stm32f4xx_hal_pwr.o(i.HAL_PWR_PVDCallback) for HAL_PWR_PVDCallback
[...]
    ..\\HALLIB\\STM32F4xx_HAL_Driver\\Src\\stm32f4xx_hal_sram.c 0x00000000   Number         0  stm32f4xx_hal_sram.o ABSOLUTE
    ..\\HALLIB\\STM32F4xx_HAL_Driver\\Src\\stm32f4xx_hal_tim.c 0x00000000   Number         0  stm32f4xx_hal_tim.o ABSOLUTE
    ..\\HALLIB\\STM32F4xx_HAL_Driver\\Src\\stm32f4xx_hal_tim_ex.c 0x00000000   Number         0  stm32f4xx_hal_tim_ex.o ABSOLUTE
    ..\\HALLIB\\STM32F4xx_HAL_Driver\\Src\\stm32f4xx_hal_uart.c 0x00000000   Number         0  stm32f4xx_hal_uart.o ABSOLUTE
    ..\\HALLIB\\STM32F4xx_HAL_Driver\\Src\\stm32f4xx_hal_usart.c 0x00000000   Number         0  stm32f4xx_hal_usart.o ABSOLUTE
    ..\\HALLIB\\STM32F4xx_HAL_Driver\\Src\\stm32f4xx_ll_fmc.c 0x00000000   Number         0  stm32f4xx_ll_fmc.o ABSOLUTE
    ..\\HALLIB\\STM32F4xx_HAL_Driver\\Src\\stm32f4xx_ll_sdmmc.c 0x00000000   Number         0  stm32f4xx_ll_sdmmc.o ABSOLUTE
    ..\\HARDWARE\\IAP\\IAP.c                 0x00000000   Number         0  iap.o ABSOLUTE
    ..\\HARDWARE\\KEY\\key.c                 0x00000000   Number         0  key.o ABSOLUTE
    ..\\HARDWARE\\SDIO\\sdio_sdcard.c        0x00000000   Number         0  sdio_sdcard.o ABSOLUTE
    ..\\SYSTEM\\delay\\delay.c               0x00000000   Number         0  delay.o ABSOLUTE
    ..\\SYSTEM\\sys\\sys.c                   0x00000000   Number         0  sys.o ABSOLUTE
    ..\\SYSTEM\\usart\\usart.c               0x00000000   Number         0  usart.o ABSOLUTE
    cdrcmple.s                               0x00000000   Number         0  cdrcmple.o ABSOLUTE
    dc.s                                     0x00000000   Number         0  dc.o ABSOLUTE
    handlers.s                               0x00000000   Number         0  handlers.o ABSOLUTE
    init.s                                   0x00000000   Number         0  init.o ABSOLUTE
    main.c                                   0x00000000   Number         0  main.o ABSOLUTE
    main.c                                   0x00000000   Number         0  main.o ABSOLUTE
    stm32f4xx_it.c                           0x00000000   Number         0  stm32f4xx_it.o ABSOLUTE
    stm32f4xx_it.c                           0x00000000   Number         0  stm32f4xx_it.o ABSOLUTE
    system_stm32f4xx.c                       0x00000000   Number         0  system_stm32f4xx.o ABSOLUTE
    system_stm32f4xx.c                       0x00000000   Number         0  system_stm32f4xx.o ABSOLUTE
    RESET                                    0x08000000   Section      428  startup_stm32f429xx.o(RESET)
    .ARM.Collect$$$$00000000                 0x080001ac   Section        0  entry.o(.ARM.Collect$$$$00000000)
    .ARM.Collect$$$$00000001                 0x080001ac   Section        4  entry2.o(.ARM.Collect$$$$00000001)
    .ARM.Collect$$$$00000004                 0x080001b0   Section        4  entry5.o(.ARM.Collect$$$$00000004)
    .ARM.Collect$$$$00000008                 0x080001b4   Section        0  entry7b.o(.ARM.Collect$$$$00000008)
    .ARM.Collect$$$$0000000A                 0x080001b4   Section        0  entry8b.o(.ARM.Collect$$$$0000000A)
    .ARM.Collect$$$$0000000B                 0x080001b4   Section        8  entry9a.o(.ARM.Collect$$$$0000000B)
    .ARM.Collect$$$$0000000E                 0x080001bc   Section        4  entry12b.o(.ARM.Collect$$$$0000000E)
    .ARM.Collect$$$$0000000F                 0x080001c0   Section        0  entry10a.o(.ARM.Collect$$$$0000000F)
    .ARM.Collect$$$$00000011                 0x080001c0   Section        0  entry11a.o(.ARM.Collect$$$$00000011)
    .ARM.Collect$$$$00002712                 0x080001c0   Section        4  entry2.o(.ARM.Collect$$$$00002712)
    __lit__00000000                          0x080001c0   Data           4  entry2.o(.ARM.Collect$$$$00002712)
    .emb_text                                0x080001c4   Section       16  sys.o(.emb_text)
    $v0                                      0x080001c4   Number         0  sys.o(.emb_text)
    .text                                    0x080001d4   Section       36  startup_stm32f429xx.o(.text)
    $v0                                      0x080001d4   Number         0  startup_stm32f429xx.o(.text)
    .text                                    0x080001f8   Section        0  uldiv.o(.text)
    .text                                    0x0800025a   Section        0  memcpya.o(.text)
    .text                                    0x0800027e   Section        0  llshl.o(.text)
    .text                                    0x0800029c   Section        0  llushr.o(.text)
    .text                                    0x080002bc   Section       36  init.o(.text)
    i.BusFault_Handler                       0x080002e0   Section        0  stm32f4xx_it.o(i.BusFault_Handler)
    i.DebugMon_Handler                       0x080002e2   Section        0  stm32f4xx_it.o(i.DebugMon_Handler)
    i.FLASH_Erase_Sector                     0x080002e4   Section        0  stm32f4xx_hal_flash_ex.o(i.FLASH_Erase_Sector)
    i.FLASH_FlushCaches                      0x08000344   Section        0  stm32f4xx_hal_flash_ex.o(i.FLASH_FlushCaches)
    i.FLASH_MassErase                        0x08000398   Section        0  stm32f4xx_hal_flash_ex.o(i.FLASH_MassErase)
    FLASH_MassErase                          0x08000399   Thumb Code    62  stm32f4xx_hal_flash_ex.o(i.FLASH_MassErase)
    i.FLASH_Program_Byte                     0x080003dc   Section        0  stm32f4xx_hal_flash.o(i.FLASH_Program_Byte)
    FLASH_Program_Byte                       0x080003dd   Thumb Code    26  stm32f4xx_hal_flash.o(i.FLASH_Program_Byte)
    i.FLASH_Program_DoubleWord               0x080003fc   Section        0  stm32f4xx_hal_flash.o(i.FLASH_Program_DoubleWord)
    FLASH_Program_DoubleWord                 0x080003fd   Thumb Code    34  stm32f4xx_hal_flash.o(i.FLASH_Program_DoubleWord)
    i.FLASH_Program_HalfWord                 0x08000424   Section        0  stm32f4xx_hal_flash.o(i.FLASH_Program_HalfWord)
    FLASH_Program_HalfWord                   0x08000425   Thumb Code    30  stm32f4xx_hal_flash.o(i.FLASH_Program_HalfWord)
    i.FLASH_Program_Word                     0x08000448   Section        0  stm32f4xx_hal_flash.o(i.FLASH_Program_Word)
    FLASH_Program_Word                       0x08000449   Thumb Code    30  stm32f4xx_hal_flash.o(i.FLASH_Program_Word)
    i.FLASH_SetErrorCode                     0x0800046c   Section        0  stm32f4xx_hal_flash.o(i.FLASH_SetErrorCode)
    FLASH_SetErrorCode                       0x0800046d   Thumb Code   128  stm32f4xx_hal_flash.o(i.FLASH_SetErrorCode)
    i.FLASH_WaitForLastOperation             0x080004f4   Section        0  stm32f4xx_hal_flash.o(i.FLASH_WaitForLastOperation)
    i.HAL_Delay                              0x0800054c   Section        0  stm32f4xx_hal.o(i.HAL_Delay)
    i.HAL_FLASHEx_Erase                      0x08000564   Section        0  stm32f4xx_hal_flash_ex.o(i.HAL_FLASHEx_Erase)
    i.HAL_FLASH_Lock                         0x08000604   Section        0  stm32f4xx_hal_flash.o(i.HAL_FLASH_Lock)
    i.HAL_FLASH_Program                      0x08000618   Section        0  stm32f4xx_hal_flash.o(i.HAL_FLASH_Program)
    i.HAL_FLASH_Unlock                       0x08000694   Section        0  stm32f4xx_hal_flash.o(i.HAL_FLASH_Unlock)
    i.HAL_GPIO_Init                          0x080006bc   Section        0  stm32f4xx_hal_gpio.o(i.HAL_GPIO_Init)
    i.HAL_GPIO_WritePin                      0x0800089c   Section        0  stm32f4xx_hal_gpio.o(i.HAL_GPIO_WritePin)
    i.HAL_GetTick                            0x080008ac   Section        0  stm32f4xx_hal.o(i.HAL_GetTick)
    i.HAL_IncTick                            0x080008b8   Section        0  stm32f4xx_hal.o(i.HAL_IncTick)
    i.HAL_Init                               0x080008c8   Section        0  stm32f4xx_hal.o(i.HAL_Init)
    i.HAL_InitTick                           0x080008fc   Section        0  stm32f4xx_hal.o(i.HAL_InitTick)
    i.HAL_MspInit                            0x0800091e   Section        0  stm32f4xx_hal.o(i.HAL_MspInit)
    i.HAL_NVIC_EnableIRQ                     0x08000926   Section        0  stm32f4xx_hal_cortex.o(i.HAL_NVIC_EnableIRQ)
    i.HAL_NVIC_SetPriority                   0x0800093c   Section        0  stm32f4xx_hal_cortex.o(i.HAL_NVIC_SetPriority)
    i.HAL_NVIC_SetPriorityGrouping           0x0800097c   Section        0  stm32f4xx_hal_cortex.o(i.HAL_NVIC_SetPriorityGrouping)
    i.HAL_PWREx_EnableOverDrive              0x080009a0   Section        0  stm32f4xx_hal_pwr_ex.o(i.HAL_PWREx_EnableOverDrive)
    i.HAL_RCC_ClockConfig                    0x08000a2c   Section        0  stm32f4xx_hal_rcc.o(i.HAL_RCC_ClockConfig)
    i.HAL_RCC_GetHCLKFreq                    0x08000c64   Section        0  stm32f4xx_hal_rcc.o(i.HAL_RCC_GetHCLKFreq)
    i.HAL_RCC_GetPCLK1Freq                   0x08000c98   Section        0  stm32f4xx_hal_rcc.o(i.HAL_RCC_GetPCLK1Freq)
    i.HAL_RCC_GetPCLK2Freq                   0x08000cc4   Section        0  stm32f4xx_hal_rcc.o(i.HAL_RCC_GetPCLK2Freq)
    i.HAL_RCC_GetSysClockFreq                0x08000cf0   Section        0  stm32f4xx_hal_rcc.o(i.HAL_RCC_GetSysClockFreq)
    i.HAL_RCC_OscConfig                      0x08000d74   Section        0  stm32f4xx_hal_rcc.o(i.HAL_RCC_OscConfig)
    i.HAL_SD_Get_CardInfo                    0x080010cc   Section        0  stm32f4xx_hal_sd.o(i.HAL_SD_Get_CardInfo)
    i.HAL_SD_Init                            0x08001366   Section        0  stm32f4xx_hal_sd.o(i.HAL_SD_Init)
    i.HAL_SD_MspInit                         0x080013fc   Section        0  sdio_sdcard.o(i.HAL_SD_MspInit)
    i.HAL_SD_ReadBlocks                      0x08001480   Section        0  stm32f4xx_hal_sd.o(i.HAL_SD_ReadBlocks)
    i.HAL_SD_StopTransfer                    0x0800160c   Section        0  stm32f4xx_hal_sd.o(i.HAL_SD_StopTransfer)
    i.HAL_SD_WideBusOperation_Config         0x08001638   Section        0  stm32f4xx_hal_sd.o(i.HAL_SD_WideBusOperation_Config)
    i.HAL_SD_WriteBlocks                     0x080016b2   Section        0  stm32f4xx_hal_sd.o(i.HAL_SD_WriteBlocks)
    i.HAL_SYSTICK_CLKSourceConfig            0x080018b6   Section        0  stm32f4xx_hal_cortex.o(i.HAL_SYSTICK_CLKSourceConfig)
    i.HAL_SYSTICK_Config                     0x080018d2   Section        0  stm32f4xx_hal_cortex.o(i.HAL_SYSTICK_Config)
    i.HAL_UART_ErrorCallback                 0x080018fa   Section        0  stm32f4xx_hal_uart.o(i.HAL_UART_ErrorCallback)
    i.HAL_UART_IRQHandler                    0x080018fc   Section        0  stm32f4xx_hal_uart.o(i.HAL_UART_IRQHandler)
    i.HAL_UART_Init                          0x080019d6   Section        0  stm32f4xx_hal_uart.o(i.HAL_UART_Init)
    i.HAL_UART_MspInit                       0x08001a38   Section        0  usart.o(i.HAL_UART_MspInit)
    i.HAL_UART_Receive                       0x08001acc   Section        0  stm32f4xx_hal_uart.o(i.HAL_UART_Receive)
    i.HAL_UART_RxCpltCallback                0x08001bac   Section        0  stm32f4xx_hal_uart.o(i.HAL_UART_RxCpltCallback)
    i.HAL_UART_TxCpltCallback                0x08001bae   Section        0  stm32f4xx_hal_uart.o(i.HAL_UART_TxCpltCallback)
    i.HardFault_Handler                      0x08001bb0   Section        0  stm32f4xx_it.o(i.HardFault_Handler)
    i.KEY_Init                               0x08001bbc   Section        0  key.o(i.KEY_Init)
    i.MemManage_Handler                      0x08001c50   Section        0  stm32f4xx_it.o(i.MemManage_Handler)
    i.NMI_Handler                            0x08001c52   Section        0  stm32f4xx_it.o(i.NMI_Handler)
    i.NVIC_SetPriority                       0x08001c54   Section        0  stm32f4xx_hal_cortex.o(i.NVIC_SetPriority)
    NVIC_SetPriority                         0x08001c55   Thumb Code    32  stm32f4xx_hal_cortex.o(i.NVIC_SetPriority)
    i.PendSV_Handler                         0x08001c74   Section        0  stm32f4xx_it.o(i.PendSV_Handler)
    i.SDIO_DataConfig                        0x08001c76   Section        0  stm32f4xx_ll_sdmmc.o(i.SDIO_DataConfig)
    i.SDIO_GetCommandResponse                0x08001c9a   Section        0  stm32f4xx_ll_sdmmc.o(i.SDIO_GetCommandResponse)
    i.SDIO_GetPowerState                     0x08001ca0   Section        0  stm32f4xx_ll_sdmmc.o(i.SDIO_GetPowerState)
    i.SDIO_GetResponse                       0x08001ca8   Section        0  stm32f4xx_ll_sdmmc.o(i.SDIO_GetResponse)
    i.SDIO_Init                              0x08001cbc   Section        0  stm32f4xx_ll_sdmmc.o(i.SDIO_Init)
    i.SDIO_PowerState_ON                     0x08001ce6   Section        0  stm32f4xx_ll_sdmmc.o(i.SDIO_PowerState_ON)
    i.SDIO_ReadFIFO                          0x08001cee   Section        0  stm32f4xx_ll_sdmmc.o(i.SDIO_ReadFIFO)
    i.SDIO_SendCommand                       0x08001cf4   Section        0  stm32f4xx_ll_sdmmc.o(i.SDIO_SendCommand)
    i.SDIO_WriteFIFO                         0x08001d14   Section        0  stm32f4xx_ll_sdmmc.o(i.SDIO_WriteFIFO)
    i.SD_CmdError                            0x08001d1e   Section        0  stm32f4xx_hal_sd.o(i.SD_CmdError)
    SD_CmdError                              0x08001d1f   Thumb Code    46  stm32f4xx_hal_sd.o(i.SD_CmdError)
    i.SD_CmdResp1Error                       0x08001d4c   Section        0  stm32f4xx_hal_sd.o(i.SD_CmdResp1Error)
    SD_CmdResp1Error                         0x08001d4d   Thumb Code   240  stm32f4xx_hal_sd.o(i.SD_CmdResp1Error)
    i.SD_CmdResp2Error                       0x08001e40   Section        0  stm32f4xx_hal_sd.o(i.SD_CmdResp2Error)
    SD_CmdResp2Error                         0x08001e41   Thumb Code    48  stm32f4xx_hal_sd.o(i.SD_CmdResp2Error)
    i.SD_CmdResp3Error                       0x08001e70   Section        0  stm32f4xx_hal_sd.o(i.SD_CmdResp3Error)
    SD_CmdResp3Error                         0x08001e71   Thumb Code    36  stm32f4xx_hal_sd.o(i.SD_CmdResp3Error)
    i.SD_CmdResp6Error                       0x08001e94   Section        0  stm32f4xx_hal_sd.o(i.SD_CmdResp6Error)
    SD_CmdResp6Error                         0x08001e95   Thumb Code   122  stm32f4xx_hal_sd.o(i.SD_CmdResp6Error)
    i.SD_CmdResp7Error                       0x08001f0e   Section        0  stm32f4xx_hal_sd.o(i.SD_CmdResp7Error)
    SD_CmdResp7Error                         0x08001f0f   Thumb Code    72  stm32f4xx_hal_sd.o(i.SD_CmdResp7Error)
    i.SD_FindSCR                             0x08001f56   Section        0  stm32f4xx_hal_sd.o(i.SD_FindSCR)
    SD_FindSCR                               0x08001f57   Thumb Code   326  stm32f4xx_hal_sd.o(i.SD_FindSCR)
    i.SD_Init                                0x0800209c   Section        0  sdio_sdcard.o(i.SD_Init)
    i.SD_Initialize_Cards                    0x080020dc   Section        0  stm32f4xx_hal_sd.o(i.SD_Initialize_Cards)
    SD_Initialize_Cards                      0x080020dd   Thumb Code   234  stm32f4xx_hal_sd.o(i.SD_Initialize_Cards)
    i.SD_IsCardProgramming                   0x080021c8   Section        0  stm32f4xx_hal_sd.o(i.SD_IsCardProgramming)
    SD_IsCardProgramming                     0x080021c9   Thumb Code   326  stm32f4xx_hal_sd.o(i.SD_IsCardProgramming)
    i.SD_PowerON                             0x08002314   Section        0  stm32f4xx_hal_sd.o(i.SD_PowerON)
    SD_PowerON                               0x08002315   Thumb Code   342  stm32f4xx_hal_sd.o(i.SD_PowerON)
    i.SD_ReadDisk                            0x08002474   Section        0  sdio_sdcard.o(i.SD_ReadDisk)
    i.SD_Select_Deselect                     0x080024ec   Section        0  stm32f4xx_hal_sd.o(i.SD_Select_Deselect)
    SD_Select_Deselect                       0x080024ed   Thumb Code    46  stm32f4xx_hal_sd.o(i.SD_Select_Deselect)
    i.SD_WideBus_Disable                     0x0800251a   Section        0  stm32f4xx_hal_sd.o(i.SD_WideBus_Disable)
    SD_WideBus_Disable                       0x0800251b   Thumb Code   114  stm32f4xx_hal_sd.o(i.SD_WideBus_Disable)
    i.SD_WideBus_Enable                      0x0800258c   Section        0  stm32f4xx_hal_sd.o(i.SD_WideBus_Enable)
    SD_WideBus_Enable                        0x0800258d   Thumb Code   116  stm32f4xx_hal_sd.o(i.SD_WideBus_Enable)
    i.SD_WriteDisk                           0x08002600   Section        0  sdio_sdcard.o(i.SD_WriteDisk)
    i.STMFLASH_GetFlashSector                0x08002678   Section        0  iap.o(i.STMFLASH_GetFlashSector)
    i.STMFLASH_ReadWord                      0x080027bc   Section        0  iap.o(i.STMFLASH_ReadWord)
    i.STMFLASH_Write                         0x080027c0   Section        0  iap.o(i.STMFLASH_Write)
    i.SVC_Handler                            0x08002864   Section        0  stm32f4xx_it.o(i.SVC_Handler)
    i.Stm32_Clock_Init                       0x08002868   Section        0  sys.o(i.Stm32_Clock_Init)
    i.SysTick_Handler                        0x080028e8   Section        0  stm32f4xx_it.o(i.SysTick_Handler)
    i.SystemInit                             0x080028ec   Section        0  system_stm32f4xx.o(i.SystemInit)
    i.UART_EndTransmit_IT                    0x08002940   Section        0  stm32f4xx_hal_uart.o(i.UART_EndTransmit_IT)
    UART_EndTransmit_IT                      0x08002941   Thumb Code    42  stm32f4xx_hal_uart.o(i.UART_EndTransmit_IT)
    i.UART_Receive_IT                        0x0800296a   Section        0  stm32f4xx_hal_uart.o(i.UART_Receive_IT)
    UART_Receive_IT                          0x0800296b   Thumb Code   176  stm32f4xx_hal_uart.o(i.UART_Receive_IT)
    i.UART_SetConfig                         0x08002a1c   Section        0  stm32f4xx_hal_uart.o(i.UART_SetConfig)
    UART_SetConfig                           0x08002a1d   Thumb Code   488  stm32f4xx_hal_uart.o(i.UART_SetConfig)
    i.UART_Transmit_IT                       0x08002c0c   Section        0  stm32f4xx_hal_uart.o(i.UART_Transmit_IT)
    UART_Transmit_IT                         0x08002c0d   Thumb Code   106  stm32f4xx_hal_uart.o(i.UART_Transmit_IT)
    i.UART_WaitOnFlagUntilTimeout            0x08002c76   Section        0  stm32f4xx_hal_uart.o(i.UART_WaitOnFlagUntilTimeout)
    UART_WaitOnFlagUntilTimeout              0x08002c77   Thumb Code   198  stm32f4xx_hal_uart.o(i.UART_WaitOnFlagUntilTimeout)
    i.USART1_IRQHandler                      0x08002d3c   Section        0  usart.o(i.USART1_IRQHandler)
    i.UsageFault_Handler                     0x08002db4   Section        0  stm32f4xx_it.o(i.UsageFault_Handler)
    i.__0printf$5                            0x08002db8   Section        0  printf5.o(i.__0printf$5)
    i.__scatterload_copy                     0x08002dd8   Section       14  handlers.o(i.__scatterload_copy)
    i.__scatterload_null                     0x08002de6   Section        2  handlers.o(i.__scatterload_null)
    i.__scatterload_zeroinit                 0x08002de8   Section       14  handlers.o(i.__scatterload_zeroinit)
    i._printf_core                           0x08002df8   Section        0  printf5.o(i._printf_core)
    _printf_core                             0x08002df9   Thumb Code   660  printf5.o(i._printf_core)
    i.change_bitmap                          0x080030b8   Section        0  ff.o(i.change_bitmap)
    change_bitmap                            0x080030b9   Thumb Code   122  ff.o(i.change_bitmap)
    i.check_fs                               0x08003134   Section        0  ff.o(i.check_fs)
    check_fs                                 0x08003135   Thumb Code   104  ff.o(i.check_fs)
    i.chk_chr                                0x080031ac   Section        0  ff.o(i.chk_chr)
    chk_chr                                  0x080031ad   Thumb Code    16  ff.o(i.chk_chr)
    i.clmt_clust                             0x080031bc   Section        0  ff.o(i.clmt_clust)
    clmt_clust                               0x080031bd   Thumb Code    50  ff.o(i.clmt_clust)
    i.clust2sect                             0x080031ee   Section        0  ff.o(i.clust2sect)
    clust2sect                               0x080031ef   Thumb Code    24  ff.o(i.clust2sect)
    i.cmp_lfn                                0x08003208   Section        0  ff.o(i.cmp_lfn)
    cmp_lfn                                  0x08003209   Thumb Code   142  ff.o(i.cmp_lfn)
    i.create_chain                           0x0800329c   Section        0  ff.o(i.create_chain)
    create_chain                             0x0800329d   Thumb Code   294  ff.o(i.create_chain)
    i.create_name                            0x080033c4   Section        0  ff.o(i.create_name)
    create_name                              0x080033c5   Thumb Code   536  ff.o(i.create_name)
    i.create_xdir                            0x080035f0   Section        0  ff.o(i.create_xdir)
    create_xdir                              0x080035f1   Thumb Code   128  ff.o(i.create_xdir)
    i.delay_init                             0x08003670   Section        0  delay.o(i.delay_init)
    i.delay_ms                               0x08003684   Section        0  delay.o(i.delay_ms)
    i.delay_us                               0x080036a0   Section        0  delay.o(i.delay_us)
    i.dir_alloc                              0x080036d8   Section        0  ff.o(i.dir_alloc)
    dir_alloc                                0x080036d9   Thumb Code    94  ff.o(i.dir_alloc)
    i.dir_find                               0x08003736   Section        0  ff.o(i.dir_find)
    dir_find                                 0x08003737   Thumb Code   324  ff.o(i.dir_find)
    i.dir_next                               0x0800387a   Section        0  ff.o(i.dir_next)
    dir_next                                 0x0800387b   Thumb Code   288  ff.o(i.dir_next)
    i.dir_read                               0x0800399a   Section        0  ff.o(i.dir_read)
    dir_read                                 0x0800399b   Thumb Code   240  ff.o(i.dir_read)
    i.dir_register                           0x08003a8a   Section        0  ff.o(i.dir_register)
    dir_register                             0x08003a8b   Thumb Code   450  ff.o(i.dir_register)
    i.dir_remove                             0x08003c4c   Section        0  ff.o(i.dir_remove)
    dir_remove                               0x08003c4d   Thumb Code    94  ff.o(i.dir_remove)
    i.dir_sdi                                0x08003caa   Section        0  ff.o(i.dir_sdi)
    dir_sdi                                  0x08003cab   Thumb Code   166  ff.o(i.dir_sdi)
    i.disk_initialize                        0x08003d50   Section        0  diskio.o(i.disk_initialize)
    i.disk_ioctl                             0x08003d60   Section        0  diskio.o(i.disk_ioctl)
    i.disk_read                              0x08003da8   Section        0  diskio.o(i.disk_read)
    i.disk_status                            0x08003dd8   Section        0  diskio.o(i.disk_status)
    i.disk_write                             0x08003ddc   Section        0  diskio.o(i.disk_write)
    i.exfuns_init                            0x08003e0c   Section        0  exfuns.o(i.exfuns_init)
    i.f_close                                0x08003e68   Section        0  ff.o(i.f_close)
    i.f_mount                                0x08003e88   Section        0  ff.o(i.f_mount)
    i.f_open                                 0x08003ed4   Section        0  ff.o(i.f_open)
    i.f_read                                 0x0800415c   Section        0  ff.o(i.f_read)
    i.f_sync                                 0x08004304   Section        0  ff.o(i.f_sync)
    i.f_unlink                               0x08004460   Section        0  ff.o(i.f_unlink)
    i.ff_convert                             0x08004584   Section        0  cc936.o(i.ff_convert)
    i.ff_memalloc                            0x080045d8   Section        0  diskio.o(i.ff_memalloc)
    i.ff_memfree                             0x080045dc   Section        0  diskio.o(i.ff_memfree)
    i.ff_wtoupper                            0x080045e0   Section        0  cc936.o(i.ff_wtoupper)
    i.fill_fat_chain                         0x0800466c   Section        0  ff.o(i.fill_fat_chain)
    fill_fat_chain                           0x0800466d   Thumb Code    46  ff.o(i.fill_fat_chain)
    i.find_bitmap                            0x0800469a   Section        0  ff.o(i.find_bitmap)
    find_bitmap                              0x0800469b   Thumb Code   134  ff.o(i.find_bitmap)
    i.find_volume                            0x08004720   Section        0  ff.o(i.find_volume)
    find_volume                              0x08004721   Thumb Code   910  ff.o(i.find_volume)
    i.follow_path                            0x08004ac0   Section        0  ff.o(i.follow_path)
    follow_path                              0x08004ac1   Thumb Code   184  ff.o(i.follow_path)
    i.fputc                                  0x08004b78   Section        0  usart.o(i.fputc)
    i.free                                   0x08004b8c   Section        0  malloc.o(i.free)
    i.gen_numname                            0x08004bdc   Section        0  ff.o(i.gen_numname)
    gen_numname                              0x08004bdd   Thumb Code   146  ff.o(i.gen_numname)
    i.get_fat                                0x08004c74   Section        0  ff.o(i.get_fat)
    get_fat                                  0x08004c75   Thumb Code   300  ff.o(i.get_fat)
    i.get_fattime                            0x08004da0   Section        0  diskio.o(i.get_fattime)
    i.get_ldnumber                           0x08004da4   Section        0  ff.o(i.get_ldnumber)
    get_ldnumber                             0x08004da5   Thumb Code    66  ff.o(i.get_ldnumber)
    i.iap_load_app                           0x08004de8   Section        0  iap.o(i.iap_load_app)
    i.iap_write_appbin                       0x08004e14   Section        0  iap.o(i.iap_write_appbin)
    i.ld_clust                               0x08004e80   Section        0  ff.o(i.ld_clust)
    ld_clust                                 0x08004e81   Thumb Code    38  ff.o(i.ld_clust)
    i.ld_dword                               0x08004ea6   Section        0  ff.o(i.ld_dword)
    ld_dword                                 0x08004ea7   Thumb Code    22  ff.o(i.ld_dword)
    i.ld_qword                               0x08004ebc   Section        0  ff.o(i.ld_qword)
    ld_qword                                 0x08004ebd   Thumb Code    88  ff.o(i.ld_qword)
    i.ld_word                                0x08004f14   Section        0  ff.o(i.ld_word)
    ld_word                                  0x08004f15   Thumb Code    10  ff.o(i.ld_word)
    i.load_obj_dir                           0x08004f1e   Section        0  ff.o(i.load_obj_dir)
    load_obj_dir                             0x08004f1f   Thumb Code    56  ff.o(i.load_obj_dir)
    i.load_xdir                              0x08004f56   Section        0  ff.o(i.load_xdir)
    load_xdir                                0x08004f57   Thumb Code   182  ff.o(i.load_xdir)
    i.main                                   0x0800500c   Section        0  main.o(i.main)
    i.malloc                                 0x08005240   Section        0  malloc.o(i.malloc)
    i.mem_cmp                                0x080052ac   Section        0  ff.o(i.mem_cmp)
    mem_cmp                                  0x080052ad   Thumb Code    24  ff.o(i.mem_cmp)
    i.mem_cpy                                0x080052c4   Section        0  ff.o(i.mem_cpy)
    mem_cpy                                  0x080052c5   Thumb Code    18  ff.o(i.mem_cpy)
    i.mem_set                                0x080052d6   Section        0  ff.o(i.mem_set)
    mem_set                                  0x080052d7   Thumb Code    12  ff.o(i.mem_set)
    i.move_window                            0x080052e2   Section        0  ff.o(i.move_window)
    move_window                              0x080052e3   Thumb Code    52  ff.o(i.move_window)
    i.pick_lfn                               0x08005318   Section        0  ff.o(i.pick_lfn)
    pick_lfn                                 0x08005319   Thumb Code   128  ff.o(i.pick_lfn)
    i.put_fat                                0x0800539c   Section        0  ff.o(i.put_fat)
    put_fat                                  0x0800539d   Thumb Code   262  ff.o(i.put_fat)
    i.put_lfn                                0x080054a4   Section        0  ff.o(i.put_lfn)
    put_lfn                                  0x080054a5   Thumb Code   110  ff.o(i.put_lfn)
    i.remove_chain                           0x08005518   Section        0  ff.o(i.remove_chain)
    remove_chain                             0x08005519   Thumb Code   244  ff.o(i.remove_chain)
    i.st_clust                               0x0800560c   Section        0  ff.o(i.st_clust)
    st_clust                                 0x0800560d   Thumb Code    40  ff.o(i.st_clust)
    i.st_dword                               0x08005634   Section        0  ff.o(i.st_dword)
    st_dword                                 0x08005635   Thumb Code    16  ff.o(i.st_dword)
    i.st_qword                               0x08005644   Section        0  ff.o(i.st_qword)
    st_qword                                 0x08005645   Thumb Code    72  ff.o(i.st_qword)
    i.st_word                                0x0800568c   Section        0  ff.o(i.st_word)
    st_word                                  0x0800568d   Thumb Code     8  ff.o(i.st_word)
    i.store_xdir                             0x08005694   Section        0  ff.o(i.store_xdir)
    store_xdir                               0x08005695   Thumb Code   102  ff.o(i.store_xdir)
    i.sum_sfn                                0x080056fa   Section        0  ff.o(i.sum_sfn)
    sum_sfn                                  0x080056fb   Thumb Code    26  ff.o(i.sum_sfn)
    i.sync_fs                                0x08005714   Section        0  ff.o(i.sync_fs)
    sync_fs                                  0x08005715   Thumb Code   128  ff.o(i.sync_fs)
    i.sync_window                            0x0800579c   Section        0  ff.o(i.sync_window)
    sync_window                              0x0800579d   Thumb Code    84  ff.o(i.sync_window)
    i.uart_init                              0x080057f0   Section        0  usart.o(i.uart_init)
    i.validate                               0x08005814   Section        0  ff.o(i.validate)
    validate                                 0x08005815   Thumb Code    52  ff.o(i.validate)
    i.xdir_sum                               0x08005848   Section        0  ff.o(i.xdir_sum)
    xdir_sum                                 0x08005849   Thumb Code    56  ff.o(i.xdir_sum)
    i.xname_sum                              0x08005880   Section        0  ff.o(i.xname_sum)
    xname_sum                                0x08005881   Thumb Code    68  ff.o(i.xname_sum)
    .constdata                               0x080058c4   Section       16  stm32f4xx_hal_rcc.o(.constdata)
    .constdata                               0x080058d4   Section       74  ff.o(.constdata)
    LfnOfs                                   0x080058d4   Data          13  ff.o(.constdata)
    badchr                                   0x080058e1   Data          16  ff.o(.constdata)
    vst                                      0x080058f2   Data          22  ff.o(.constdata)
    cst                                      0x08005908   Data          22  ff.o(.constdata)
    .constdata                               0x0800591e   Section      766  cc936.o(.constdata)
    uni2oem                                  0x0800591e   Data          40  cc936.o(.constdata)
    oem2uni                                  0x08005946   Data          40  cc936.o(.constdata)
    cvt1                                     0x0800596e   Data         498  cc936.o(.constdata)
    cvt2                                     0x08005b60   Data         188  cc936.o(.constdata)
    .data                                    0x20000000   Section        4  main.o(.data)
    .data                                    0x20000004   Section       20  system_stm32f4xx.o(.data)
    .data                                    0x20000018   Section        4  stm32f4xx_hal.o(.data)
    uwTick                                   0x20000018   Data           4  stm32f4xx_hal.o(.data)
    .data                                    0x2000001c   Section        4  delay.o(.data)
    fac_us                                   0x2000001c   Data           4  delay.o(.data)
    .data                                    0x20000020   Section        2  usart.o(.data)
    .data                                    0x20000024   Section        4  usart.o(.data)
    .data                                    0x20000028   Section        4  iap.o(.data)
    .data                                    0x2000002c   Section        2  ff.o(.data)
    Fsid                                     0x2000002c   Data           2  ff.o(.data)
    .data                                    0x20000030   Section       12  exfuns.o(.data)
    .data                                    0x2000003c   Section        4  exfuns.o(.data)
    .data                                    0x20000040   Section        4  mvars.o(.data)
    .data                                    0x20000044   Section        4  mvars.o(.data)
    .bss                                     0x20000048   Section       32  stm32f4xx_hal_flash.o(.bss)
    .bss                                     0x20000068   Section      264  usart.o(.bss)
    .bss                                     0x20000170   Section      696  sdio_sdcard.o(.bss)
    .bss                                     0x20000428   Section       12  ff.o(.bss)
    FatFs                                    0x20000428   Data          12  ff.o(.bss)
    .bss                                     0x20000434   Section       12  exfuns.o(.bss)
    .ARM.__AT_0x20001000                     0x20001000   Section    153600  main.o(.ARM.__AT_0x20001000)
    .bss                                     0x20026800   Section     8192  iap.o(.bss)
    HEAP                                     0x20028800   Section     8192  startup_stm32f429xx.o(HEAP)
    STACK                                    0x2002a800   Section     8192  startup_stm32f429xx.o(STACK)

    Global Symbols

    Symbol Name                              Value     Ov Type        Size  Object(Section)

    BuildAttributes$$THM_ISAv4$E$P$D$K$B$S$7EM$VFPi3$EXTD16$VFPS$VFMA$PE$A:L22UL41UL21$X:L11$S22US41US21$IEEE1$IW$USESV6$~STKCKD$USESV7$~SHL$OSPACE$ROPI$EBA8$MICROLIB$REQ8$PRES8$EABIv2 0x00000000   Number         0  anon$$obj.o ABSOLUTE
    __ARM_use_no_argv                        0x00000000   Number         0  main.o ABSOLUTE
    __use_no_errno                           0x00000000   Number         0  useno.o ABSOLUTE
    __use_no_exception_handling              0x00000000   Number         0  useno.o ABSOLUTE
    __use_no_fp                              0x00000000   Number         0  useno.o ABSOLUTE
    __use_no_heap                            0x00000000   Number         0  useno.o ABSOLUTE
    __use_no_heap_region                     0x00000000   Number         0  useno.o ABSOLUTE
    __use_no_semihosting                     0x00000000   Number         0  useno.o ABSOLUTE
    __use_no_semihosting_swi                 0x00000000   Number         0  useno.o ABSOLUTE
    __use_no_signal_handling                 0x00000000   Number         0  useno.o ABSOLUTE
    _printf_a                                0x00000000   Number         0  stubs.o ABSOLUTE
    _printf_c                                0x00000000   Number         0  stubs.o ABSOLUTE
    _printf_charcount                        0x00000000   Number         0  stubs.o ABSOLUTE
    _printf_d                                0x00000000   Number         0  stubs.o ABSOLUTE
    _printf_e                                0x00000000   Number         0  stubs.o ABSOLUTE
    _printf_f                                0x00000000   Number         0  stubs.o ABSOLUTE
    _printf_flags                            0x00000000   Number         0  stubs.o ABSOLUTE
    _printf_fp_dec                           0x00000000   Number         0  stubs.o ABSOLUTE
    _printf_fp_hex                           0x00000000   Number         0  stubs.o ABSOLUTE
    _printf_g                                0x00000000   Number         0  stubs.o ABSOLUTE
    _printf_i                                0x00000000   Number         0  stubs.o ABSOLUTE
    _printf_int_dec                          0x00000000   Number         0  stubs.o ABSOLUTE
    _printf_l                                0x00000000   Number         0  stubs.o ABSOLUTE
    _printf_lc                               0x00000000   Number         0  stubs.o ABSOLUTE
    _printf_ll                               0x00000000   Number         0  stubs.o ABSOLUTE
    _printf_lld                              0x00000000   Number         0  stubs.o ABSOLUTE
    _printf_lli                              0x00000000   Number         0  stubs.o ABSOLUTE
    _printf_llo                              0x00000000   Number         0  stubs.o ABSOLUTE
    _printf_llu                              0x00000000   Number         0  stubs.o ABSOLUTE
    _printf_llx                              0x00000000   Number         0  stubs.o ABSOLUTE
    _printf_longlong_dec                     0x00000000   Number         0  stubs.o ABSOLUTE
    _printf_longlong_hex                     0x00000000   Number         0  stubs.o ABSOLUTE
    _printf_longlong_oct                     0x00000000   Number         0  stubs.o ABSOLUTE
    _printf_ls                               0x00000000   Number         0  stubs.o ABSOLUTE
    _printf_mbtowc                           0x00000000   Number         0  stubs.o ABSOLUTE
    _printf_n                                0x00000000   Number         0  stubs.o ABSOLUTE
    _printf_o                                0x00000000   Number         0  stubs.o ABSOLUTE
    _printf_p                                0x00000000   Number         0  stubs.o ABSOLUTE
    _printf_percent                          0x00000000   Number         0  stubs.o ABSOLUTE
    _printf_pre_padding                      0x00000000   Number         0  stubs.o ABSOLUTE
    _printf_return_value                     0x00000000   Number         0  stubs.o ABSOLUTE
    _printf_s                                0x00000000   Number         0  stubs.o ABSOLUTE
    _printf_sizespec                         0x00000000   Number         0  stubs.o ABSOLUTE
    _printf_str                              0x00000000   Number         0  stubs.o ABSOLUTE
    _printf_truncate_signed                  0x00000000   Number         0  stubs.o ABSOLUTE
    _printf_truncate_unsigned                0x00000000   Number         0  stubs.o ABSOLUTE
    _printf_u                                0x00000000   Number         0  stubs.o ABSOLUTE
    _printf_wc                               0x00000000   Number         0  stubs.o ABSOLUTE
    _printf_wctomb                           0x00000000   Number         0  stubs.o ABSOLUTE
    _printf_widthprec                        0x00000000   Number         0  stubs.o ABSOLUTE
    _printf_x                                0x00000000   Number         0  stubs.o ABSOLUTE
    __arm_fini_                               - Undefined Weak Reference
    __cpp_initialize__aeabi_                  - Undefined Weak Reference
    __cxa_finalize                            - Undefined Weak Reference
    __decompress                              - Undefined Weak Reference
    _clock_init                               - Undefined Weak Reference
    _microlib_exit                            - Undefined Weak Reference
    __Vectors_Size                           0x000001ac   Number         0  startup_stm32f429xx.o ABSOLUTE
    __Vectors                                0x08000000   Data           4  startup_stm32f429xx.o(RESET)
    __Vectors_End                            0x080001ac   Data           0  startup_stm32f429xx.o(RESET)
    __main                                   0x080001ad   Thumb Code     0  entry.o(.ARM.Collect$$$$00000000)
    _main_stk                                0x080001ad   Thumb Code     0  entry2.o(.ARM.Collect$$$$00000001)
    _main_scatterload                        0x080001b1   Thumb Code     0  entry5.o(.ARM.Collect$$$$00000004)
    __main_after_scatterload                 0x080001b5   Thumb Code     0  entry5.o(.ARM.Collect$$$$00000004)
    _main_clock                              0x080001b5   Thumb Code     0  entry7b.o(.ARM.Collect$$$$00000008)
    _main_cpp_init                           0x080001b5   Thumb Code     0  entry8b.o(.ARM.Collect$$$$0000000A)
    _main_init                               0x080001b5   Thumb Code     0  entry9a.o(.ARM.Collect$$$$0000000B)
    __rt_lib_shutdown_fini                   0x080001bd   Thumb Code     0  entry12b.o(.ARM.Collect$$$$0000000E)
    __rt_final_cpp                           0x080001c1   Thumb Code     0  entry10a.o(.ARM.Collect$$$$0000000F)
    __rt_final_exit                          0x080001c1   Thumb Code     0  entry11a.o(.ARM.Collect$$$$00000011)
    WFI_SET                                  0x080001c5   Thumb Code     2  sys.o(.emb_text)
    INTX_DISABLE                             0x080001c7   Thumb Code     4  sys.o(.emb_text)
    INTX_ENABLE                              0x080001cb   Thumb Code     4  sys.o(.emb_text)
    MSR_MSP                                  0x080001cf   Thumb Code     6  sys.o(.emb_text)
    Reset_Handler                            0x080001d5   Thumb Code     8  startup_stm32f429xx.o(.text)
    ADC_IRQHandler                           0x080001ef   Thumb Code     0  startup_stm32f429xx.o(.text)
    CAN1_RX0_IRQHandler                      0x080001ef   Thumb Code     0  startup_stm32f429xx.o(.text)
    CAN1_RX1_IRQHandler                      0x080001ef   Thumb Code     0  startup_stm32f429xx.o(.text)
    CAN1_SCE_IRQHandler                      0x080001ef   Thumb Code     0  startup_stm32f429xx.o(.text)
    CAN1_TX_IRQHandler                       0x080001ef   Thumb Code     0  startup_stm32f429xx.o(.text)
    CAN2_RX0_IRQHandler                      0x080001ef   Thumb Code     0  startup_stm32f429xx.o(.text)
    CAN2_RX1_IRQHandler                      0x080001ef   Thumb Code     0  startup_stm32f429xx.o(.text)
    CAN2_SCE_IRQHandler                      0x080001ef   Thumb Code     0  startup_stm32f429xx.o(.text)
    CAN2_TX_IRQHandler                       0x080001ef   Thumb Code     0  startup_stm32f429xx.o(.text)
    DCMI_IRQHandler                          0x080001ef   Thumb Code     0  startup_stm32f429xx.o(.text)
    DMA1_Stream0_IRQHandler                  0x080001ef   Thumb Code     0  startup_stm32f429xx.o(.text)
    DMA1_Stream1_IRQHandler                  0x080001ef   Thumb Code     0  startup_stm32f429xx.o(.text)
    DMA1_Stream2_IRQHandler                  0x080001ef   Thumb Code     0  startup_stm32f429xx.o(.text)
    DMA1_Stream3_IRQHandler                  0x080001ef   Thumb Code     0  startup_stm32f429xx.o(.text)
    DMA1_Stream4_IRQHandler                  0x080001ef   Thumb Code     0  startup_stm32f429xx.o(.text)
    DMA1_Stream5_IRQHandler                  0x080001ef   Thumb Code     0  startup_stm32f429xx.o(.text)
    DMA1_Stream6_IRQHandler                  0x080001ef   Thumb Code     0  startup_stm32f429xx.o(.text)
    DMA1_Stream7_IRQHandler                  0x080001ef   Thumb Code     0  startup_stm32f429xx.o(.text)
    DMA2D_IRQHandler                         0x080001ef   Thumb Code     0  startup_stm32f429xx.o(.text)
    DMA2_Stream0_IRQHandler                  0x080001ef   Thumb Code     0  startup_stm32f429xx.o(.text)
    DMA2_Stream1_IRQHandler                  0x080001ef   Thumb Code     0  startup_stm32f429xx.o(.text)
    DMA2_Stream2_IRQHandler                  0x080001ef   Thumb Code     0  startup_stm32f429xx.o(.text)
    DMA2_Stream3_IRQHandler                  0x080001ef   Thumb Code     0  startup_stm32f429xx.o(.text)
    DMA2_Stream4_IRQHandler                  0x080001ef   Thumb Code     0  startup_stm32f429xx.o(.text)
    DMA2_Stream5_IRQHandler                  0x080001ef   Thumb Code     0  startup_stm32f429xx.o(.text)
    DMA2_Stream6_IRQHandler                  0x080001ef   Thumb Code     0  startup_stm32f429xx.o(.text)
    DMA2_Stream7_IRQHandler                  0x080001ef   Thumb Code     0  startup_stm32f429xx.o(.text)
    ETH_IRQHandler                           0x080001ef   Thumb Code     0  startup_stm32f429xx.o(.text)
    ETH_WKUP_IRQHandler                      0x080001ef   Thumb Code     0  startup_stm32f429xx.o(.text)
    EXTI0_IRQHandler                         0x080001ef   Thumb Code     0  startup_stm32f429xx.o(.text)
    EXTI15_10_IRQHandler                     0x080001ef   Thumb Code     0  startup_stm32f429xx.o(.text)
    EXTI1_IRQHandler                         0x080001ef   Thumb Code     0  startup_stm32f429xx.o(.text)
    EXTI2_IRQHandler                         0x080001ef   Thumb Code     0  startup_stm32f429xx.o(.text)
    EXTI3_IRQHandler                         0x080001ef   Thumb Code     0  startup_stm32f429xx.o(.text)
    EXTI4_IRQHandler                         0x080001ef   Thumb Code     0  startup_stm32f429xx.o(.text)
    EXTI9_5_IRQHandler                       0x080001ef   Thumb Code     0  startup_stm32f429xx.o(.text)
    FLASH_IRQHandler                         0x080001ef   Thumb Code     0  startup_stm32f429xx.o(.text)
    FMC_IRQHandler                           0x080001ef   Thumb Code     0  startup_stm32f429xx.o(.text)
    FPU_IRQHandler                           0x080001ef   Thumb Code     0  startup_stm32f429xx.o(.text)
    HASH_RNG_IRQHandler                      0x080001ef   Thumb Code     0  startup_stm32f429xx.o(.text)
    I2C1_ER_IRQHandler                       0x080001ef   Thumb Code     0  startup_stm32f429xx.o(.text)
    I2C1_EV_IRQHandler                       0x080001ef   Thumb Code     0  startup_stm32f429xx.o(.text)
    I2C2_ER_IRQHandler                       0x080001ef   Thumb Code     0  startup_stm32f429xx.o(.text)
    I2C2_EV_IRQHandler                       0x080001ef   Thumb Code     0  startup_stm32f429xx.o(.text)
    I2C3_ER_IRQHandler                       0x080001ef   Thumb Code     0  startup_stm32f429xx.o(.text)
    I2C3_EV_IRQHandler                       0x080001ef   Thumb Code     0  startup_stm32f429xx.o(.text)
    LTDC_ER_IRQHandler                       0x080001ef   Thumb Code     0  startup_stm32f429xx.o(.text)
    LTDC_IRQHandler                          0x080001ef   Thumb Code     0  startup_stm32f429xx.o(.text)
    OTG_FS_IRQHandler                        0x080001ef   Thumb Code     0  startup_stm32f429xx.o(.text)
    OTG_FS_WKUP_IRQHandler                   0x080001ef   Thumb Code     0  startup_stm32f429xx.o(.text)
    OTG_HS_EP1_IN_IRQHandler                 0x080001ef   Thumb Code     0  startup_stm32f429xx.o(.text)
    OTG_HS_EP1_OUT_IRQHandler                0x080001ef   Thumb Code     0  startup_stm32f429xx.o(.text)
    OTG_HS_IRQHandler                        0x080001ef   Thumb Code     0  startup_stm32f429xx.o(.text)
    OTG_HS_WKUP_IRQHandler                   0x080001ef   Thumb Code     0  startup_stm32f429xx.o(.text)
    PVD_IRQHandler                           0x080001ef   Thumb Code     0  startup_stm32f429xx.o(.text)
    RCC_IRQHandler                           0x080001ef   Thumb Code     0  startup_stm32f429xx.o(.text)
    RTC_Alarm_IRQHandler                     0x080001ef   Thumb Code     0  startup_stm32f429xx.o(.text)
    RTC_WKUP_IRQHandler                      0x080001ef   Thumb Code     0  startup_stm32f429xx.o(.text)
    SAI1_IRQHandler                          0x080001ef   Thumb Code     0  startup_stm32f429xx.o(.text)
    SDIO_IRQHandler                          0x080001ef   Thumb Code     0  startup_stm32f429xx.o(.text)
    SPI1_IRQHandler                          0x080001ef   Thumb Code     0  startup_stm32f429xx.o(.text)
    SPI2_IRQHandler                          0x080001ef   Thumb Code     0  startup_stm32f429xx.o(.text)
    SPI3_IRQHandler                          0x080001ef   Thumb Code     0  startup_stm32f429xx.o(.text)
    SPI4_IRQHandler                          0x080001ef   Thumb Code     0  startup_stm32f429xx.o(.text)
    SPI5_IRQHandler                          0x080001ef   Thumb Code     0  startup_stm32f429xx.o(.text)
    SPI6_IRQHandler                          0x080001ef   Thumb Code     0  startup_stm32f429xx.o(.text)
    TAMP_STAMP_IRQHandler                    0x080001ef   Thumb Code     0  startup_stm32f429xx.o(.text)
    TIM1_BRK_TIM9_IRQHandler                 0x080001ef   Thumb Code     0  startup_stm32f429xx.o(.text)
    TIM1_CC_IRQHandler                       0x080001ef   Thumb Code     0  startup_stm32f429xx.o(.text)
    TIM1_TRG_COM_TIM11_IRQHandler            0x080001ef   Thumb Code     0  startup_stm32f429xx.o(.text)
    TIM1_UP_TIM10_IRQHandler                 0x080001ef   Thumb Code     0  startup_stm32f429xx.o(.text)
    TIM2_IRQHandler                          0x080001ef   Thumb Code     0  startup_stm32f429xx.o(.text)
    TIM3_IRQHandler                          0x080001ef   Thumb Code     0  startup_stm32f429xx.o(.text)
    TIM4_IRQHandler                          0x080001ef   Thumb Code     0  startup_stm32f429xx.o(.text)
    TIM5_IRQHandler                          0x080001ef   Thumb Code     0  startup_stm32f429xx.o(.text)
    TIM6_DAC_IRQHandler                      0x080001ef   Thumb Code     0  startup_stm32f429xx.o(.text)
    TIM7_IRQHandler                          0x080001ef   Thumb Code     0  startup_stm32f429xx.o(.text)
    TIM8_BRK_TIM12_IRQHandler                0x080001ef   Thumb Code     0  startup_stm32f429xx.o(.text)
    TIM8_CC_IRQHandler                       0x080001ef   Thumb Code     0  startup_stm32f429xx.o(.text)
    TIM8_TRG_COM_TIM14_IRQHandler            0x080001ef   Thumb Code     0  startup_stm32f429xx.o(.text)
    TIM8_UP_TIM13_IRQHandler                 0x080001ef   Thumb Code     0  startup_stm32f429xx.o(.text)
    UART4_IRQHandler                         0x080001ef   Thumb Code     0  startup_stm32f429xx.o(.text)
    UART5_IRQHandler                         0x080001ef   Thumb Code     0  startup_stm32f429xx.o(.text)
    UART7_IRQHandler                         0x080001ef   Thumb Code     0  startup_stm32f429xx.o(.text)
    UART8_IRQHandler                         0x080001ef   Thumb Code     0  startup_stm32f429xx.o(.text)
    USART2_IRQHandler                        0x080001ef   Thumb Code     0  startup_stm32f429xx.o(.text)
    USART3_IRQHandler                        0x080001ef   Thumb Code     0  startup_stm32f429xx.o(.text)
    USART6_IRQHandler                        0x080001ef   Thumb Code     0  startup_stm32f429xx.o(.text)
    WWDG_IRQHandler                          0x080001ef   Thumb Code     0  startup_stm32f429xx.o(.text)
    __aeabi_uldivmod                         0x080001f9   Thumb Code    98  uldiv.o(.text)
    __aeabi_memcpy                           0x0800025b   Thumb Code    36  memcpya.o(.text)
    __aeabi_memcpy4                          0x0800025b   Thumb Code     0  memcpya.o(.text)
    __aeabi_memcpy8                          0x0800025b   Thumb Code     0  memcpya.o(.text)
    __aeabi_llsl                             0x0800027f   Thumb Code    30  llshl.o(.text)
    _ll_shift_l                              0x0800027f   Thumb Code     0  llshl.o(.text)
    __aeabi_llsr                             0x0800029d   Thumb Code    32  llushr.o(.text)
    _ll_ushift_r                             0x0800029d   Thumb Code     0  llushr.o(.text)
    __scatterload                            0x080002bd   Thumb Code    28  init.o(.text)
    __scatterload_rt2                        0x080002bd   Thumb Code     0  init.o(.text)
    BusFault_Handler                         0x080002e1   Thumb Code     2  stm32f4xx_it.o(i.BusFault_Handler)
    DebugMon_Handler                         0x080002e3   Thumb Code     2  stm32f4xx_it.o(i.DebugMon_Handler)
    FLASH_Erase_Sector                       0x080002e5   Thumb Code    92  stm32f4xx_hal_flash_ex.o(i.FLASH_Erase_Sector)
    FLASH_FlushCaches                        0x08000345   Thumb Code    80  stm32f4xx_hal_flash_ex.o(i.FLASH_FlushCaches)
    FLASH_WaitForLastOperation               0x080004f5   Thumb Code    80  stm32f4xx_hal_flash.o(i.FLASH_WaitForLastOperation)
    HAL_Delay                                0x0800054d   Thumb Code    22  stm32f4xx_hal.o(i.HAL_Delay)
    HAL_FLASHEx_Erase                        0x08000565   Thumb Code   152  stm32f4xx_hal_flash_ex.o(i.HAL_FLASHEx_Erase)
    HAL_FLASH_Lock                           0x08000605   Thumb Code    14  stm32f4xx_hal_flash.o(i.HAL_FLASH_Lock)
    HAL_FLASH_Program                        0x08000619   Thumb Code   116  stm32f4xx_hal_flash.o(i.HAL_FLASH_Program)
    HAL_FLASH_Unlock                         0x08000695   Thumb Code    28  stm32f4xx_hal_flash.o(i.HAL_FLASH_Unlock)
    HAL_GPIO_Init                            0x080006bd   Thumb Code   426  stm32f4xx_hal_gpio.o(i.HAL_GPIO_Init)
    HAL_GPIO_WritePin                        0x0800089d   Thumb Code    14  stm32f4xx_hal_gpio.o(i.HAL_GPIO_WritePin)
    HAL_GetTick                              0x080008ad   Thumb Code     6  stm32f4xx_hal.o(i.HAL_GetTick)
    HAL_IncTick                              0x080008b9   Thumb Code    10  stm32f4xx_hal.o(i.HAL_IncTick)
    HAL_Init                                 0x080008c9   Thumb Code    48  stm32f4xx_hal.o(i.HAL_Init)
    HAL_InitTick                             0x080008fd   Thumb Code    34  stm32f4xx_hal.o(i.HAL_InitTick)
    HAL_MspInit                              0x0800091f   Thumb Code     8  stm32f4xx_hal.o(i.HAL_MspInit)
    HAL_NVIC_EnableIRQ                       0x08000927   Thumb Code    22  stm32f4xx_hal_cortex.o(i.HAL_NVIC_EnableIRQ)
    HAL_NVIC_SetPriority                     0x0800093d   Thumb Code    60  stm32f4xx_hal_cortex.o(i.HAL_NVIC_SetPriority)
    HAL_NVIC_SetPriorityGrouping             0x0800097d   Thumb Code    26  stm32f4xx_hal_cortex.o(i.HAL_NVIC_SetPriorityGrouping)
    HAL_PWREx_EnableOverDrive                0x080009a1   Thumb Code   126  stm32f4xx_hal_pwr_ex.o(i.HAL_PWREx_EnableOverDrive)
    HAL_RCC_ClockConfig                      0x08000a2d   Thumb Code   560  stm32f4xx_hal_rcc.o(i.HAL_RCC_ClockConfig)
    HAL_RCC_GetHCLKFreq                      0x08000c65   Thumb Code    38  stm32f4xx_hal_rcc.o(i.HAL_RCC_GetHCLKFreq)
    HAL_RCC_GetPCLK1Freq                     0x08000c99   Thumb Code    36  stm32f4xx_hal_rcc.o(i.HAL_RCC_GetPCLK1Freq)
    HAL_RCC_GetPCLK2Freq                     0x08000cc5   Thumb Code    36  stm32f4xx_hal_rcc.o(i.HAL_RCC_GetPCLK2Freq)
    HAL_RCC_GetSysClockFreq                  0x08000cf1   Thumb Code   120  stm32f4xx_hal_rcc.o(i.HAL_RCC_GetSysClockFreq)
    HAL_RCC_OscConfig                        0x08000d75   Thumb Code   834  stm32f4xx_hal_rcc.o(i.HAL_RCC_OscConfig)
    HAL_SD_Get_CardInfo                      0x080010cd   Thumb Code   666  stm32f4xx_hal_sd.o(i.HAL_SD_Get_CardInfo)
    HAL_SD_Init                              0x08001367   Thumb Code   148  stm32f4xx_hal_sd.o(i.HAL_SD_Init)
    HAL_SD_MspInit                           0x080013fd   Thumb Code   120  sdio_sdcard.o(i.HAL_SD_MspInit)
    HAL_SD_ReadBlocks                        0x08001481   Thumb Code   396  stm32f4xx_hal_sd.o(i.HAL_SD_ReadBlocks)
    HAL_SD_StopTransfer                      0x0800160d   Thumb Code    44  stm32f4xx_hal_sd.o(i.HAL_SD_StopTransfer)
    HAL_SD_WideBusOperation_Config           0x08001639   Thumb Code   122  stm32f4xx_hal_sd.o(i.HAL_SD_WideBusOperation_Config)
    HAL_SD_WriteBlocks                       0x080016b3   Thumb Code   516  stm32f4xx_hal_sd.o(i.HAL_SD_WriteBlocks)
    HAL_SYSTICK_CLKSourceConfig              0x080018b7   Thumb Code    28  stm32f4xx_hal_cortex.o(i.HAL_SYSTICK_CLKSourceConfig)
    HAL_SYSTICK_Config                       0x080018d3   Thumb Code    40  stm32f4xx_hal_cortex.o(i.HAL_SYSTICK_Config)
    HAL_UART_ErrorCallback                   0x080018fb   Thumb Code     2  stm32f4xx_hal_uart.o(i.HAL_UART_ErrorCallback)
    HAL_UART_IRQHandler                      0x080018fd   Thumb Code   218  stm32f4xx_hal_uart.o(i.HAL_UART_IRQHandler)
    HAL_UART_Init                            0x080019d7   Thumb Code    96  stm32f4xx_hal_uart.o(i.HAL_UART_Init)
    HAL_UART_MspInit                         0x08001a39   Thumb Code   134  usart.o(i.HAL_UART_MspInit)
    HAL_UART_Receive                         0x08001acd   Thumb Code   224  stm32f4xx_hal_uart.o(i.HAL_UART_Receive)
    HAL_UART_RxCpltCallback                  0x08001bad   Thumb Code     2  stm32f4xx_hal_uart.o(i.HAL_UART_RxCpltCallback)
    HAL_UART_TxCpltCallback                  0x08001baf   Thumb Code     2  stm32f4xx_hal_uart.o(i.HAL_UART_TxCpltCallback)
    HardFault_Handler                        0x08001bb1   Thumb Code     8  stm32f4xx_it.o(i.HardFault_Handler)
    KEY_Init                                 0x08001bbd   Thumb Code   132  key.o(i.KEY_Init)
    MemManage_Handler                        0x08001c51   Thumb Code     2  stm32f4xx_it.o(i.MemManage_Handler)
    NMI_Handler                              0x08001c53   Thumb Code     2  stm32f4xx_it.o(i.NMI_Handler)
    PendSV_Handler                           0x08001c75   Thumb Code     2  stm32f4xx_it.o(i.PendSV_Handler)
    SDIO_DataConfig                          0x08001c77   Thumb Code    36  stm32f4xx_ll_sdmmc.o(i.SDIO_DataConfig)
    SDIO_GetCommandResponse                  0x08001c9b   Thumb Code     6  stm32f4xx_ll_sdmmc.o(i.SDIO_GetCommandResponse)
    SDIO_GetPowerState                       0x08001ca1   Thumb Code     8  stm32f4xx_ll_sdmmc.o(i.SDIO_GetPowerState)
    SDIO_GetResponse                         0x08001ca9   Thumb Code    14  stm32f4xx_ll_sdmmc.o(i.SDIO_GetResponse)
    SDIO_Init                                0x08001cbd   Thumb Code    42  stm32f4xx_ll_sdmmc.o(i.SDIO_Init)
    SDIO_PowerState_ON                       0x08001ce7   Thumb Code     8  stm32f4xx_ll_sdmmc.o(i.SDIO_PowerState_ON)
    SDIO_ReadFIFO                            0x08001cef   Thumb Code     6  stm32f4xx_ll_sdmmc.o(i.SDIO_ReadFIFO)
    SDIO_SendCommand                         0x08001cf5   Thumb Code    32  stm32f4xx_ll_sdmmc.o(i.SDIO_SendCommand)
    SDIO_WriteFIFO                           0x08001d15   Thumb Code    10  stm32f4xx_ll_sdmmc.o(i.SDIO_WriteFIFO)
    SD_Init                                  0x0800209d   Thumb Code    56  sdio_sdcard.o(i.SD_Init)
    SD_ReadDisk                              0x08002475   Thumb Code   116  sdio_sdcard.o(i.SD_ReadDisk)
    SD_WriteDisk                             0x08002601   Thumb Code   116  sdio_sdcard.o(i.SD_WriteDisk)
    STMFLASH_GetFlashSector                  0x08002679   Thumb Code   234  iap.o(i.STMFLASH_GetFlashSector)
    STMFLASH_ReadWord                        0x080027bd   Thumb Code     4  iap.o(i.STMFLASH_ReadWord)
    STMFLASH_Write                           0x080027c1   Thumb Code   158  iap.o(i.STMFLASH_Write)
    SVC_Handler                              0x08002865   Thumb Code     2  stm32f4xx_it.o(i.SVC_Handler)
    Stm32_Clock_Init                         0x08002869   Thumb Code   120  sys.o(i.Stm32_Clock_Init)
    SysTick_Handler                          0x080028e9   Thumb Code     4  stm32f4xx_it.o(i.SysTick_Handler)
    SystemInit                               0x080028ed   Thumb Code    66  system_stm32f4xx.o(i.SystemInit)
    USART1_IRQHandler                        0x08002d3d   Thumb Code   110  usart.o(i.USART1_IRQHandler)
    UsageFault_Handler                       0x08002db5   Thumb Code     2  stm32f4xx_it.o(i.UsageFault_Handler)
    __0printf$5                              0x08002db9   Thumb Code    22  printf5.o(i.__0printf$5)
    __1printf$5                              0x08002db9   Thumb Code     0  printf5.o(i.__0printf$5)
    __2printf                                0x08002db9   Thumb Code     0  printf5.o(i.__0printf$5)
    __scatterload_copy                       0x08002dd9   Thumb Code    14  handlers.o(i.__scatterload_copy)
    __scatterload_null                       0x08002de7   Thumb Code     2  handlers.o(i.__scatterload_null)
    __scatterload_zeroinit                   0x08002de9   Thumb Code    14  handlers.o(i.__scatterload_zeroinit)
    delay_init                               0x08003671   Thumb Code    16  delay.o(i.delay_init)
    delay_ms                                 0x08003685   Thumb Code    26  delay.o(i.delay_ms)
    delay_us                                 0x080036a1   Thumb Code    50  delay.o(i.delay_us)
    disk_initialize                          0x08003d51   Thumb Code    16  diskio.o(i.disk_initialize)
    disk_ioctl                               0x08003d61   Thumb Code    66  diskio.o(i.disk_ioctl)
    disk_read                                0x08003da9   Thumb Code    48  diskio.o(i.disk_read)
    disk_status                              0x08003dd9   Thumb Code     4  diskio.o(i.disk_status)
    disk_write                               0x08003ddd   Thumb Code    48  diskio.o(i.disk_write)
    exfuns_init                              0x08003e0d   Thumb Code    84  exfuns.o(i.exfuns_init)
    f_close                                  0x08003e69   Thumb Code    32  ff.o(i.f_close)
    f_mount                                  0x08003e89   Thumb Code    72  ff.o(i.f_mount)
    f_open                                   0x08003ed5   Thumb Code   648  ff.o(i.f_open)
    f_read                                   0x0800415d   Thumb Code   424  ff.o(i.f_read)
    f_sync                                   0x08004305   Thumb Code   348  ff.o(i.f_sync)
    f_unlink                                 0x08004461   Thumb Code   292  ff.o(i.f_unlink)
    ff_convert                               0x08004585   Thumb Code    80  cc936.o(i.ff_convert)
    ff_memalloc                              0x080045d9   Thumb Code     4  diskio.o(i.ff_memalloc)
    ff_memfree                               0x080045dd   Thumb Code     4  diskio.o(i.ff_memfree)
    ff_wtoupper                              0x080045e1   Thumb Code   132  cc936.o(i.ff_wtoupper)
    fputc                                    0x08004b79   Thumb Code    14  usart.o(i.fputc)
    free                                     0x08004b8d   Thumb Code    76  malloc.o(i.free)
    get_fattime                              0x08004da1   Thumb Code     4  diskio.o(i.get_fattime)
    iap_load_app                             0x08004de9   Thumb Code    36  iap.o(i.iap_load_app)
    iap_write_appbin                         0x08004e15   Thumb Code   102  iap.o(i.iap_write_appbin)
    main                                     0x0800500d   Thumb Code   338  main.o(i.main)
    malloc                                   0x08005241   Thumb Code    92  malloc.o(i.malloc)
    uart_init                                0x080057f1   Thumb Code    28  usart.o(i.uart_init)
    APBAHBPrescTable                         0x080058c4   Data          16  stm32f4xx_hal_rcc.o(.constdata)
    Region$$Table$$Base                      0x08005c1c   Number         0  anon$$obj.o(Region$$Table)
    Region$$Table$$Limit                     0x08005c3c   Number         0  anon$$obj.o(Region$$Table)
    p1                                       0x20000000   Data           4  main.o(.data)
    SystemCoreClock                          0x20000004   Data           4  system_stm32f4xx.o(.data)
    AHBPrescTable                            0x20000008   Data          16  system_stm32f4xx.o(.data)
    USART_RX_STA                             0x20000020   Data           2  usart.o(.data)
    __stdout                                 0x20000024   Data           4  usart.o(.data)
    jump2app                                 0x20000028   Data           4  iap.o(.data)
    file                                     0x20000030   Data           4  exfuns.o(.data)
    ftemp                                    0x20000034   Data           4  exfuns.o(.data)
    fatbuf                                   0x20000038   Data           4  exfuns.o(.data)
    bw                                       0x2000003c   Data           4  exfuns.o(.data)
    __microlib_freelist                      0x20000040   Data           4  mvars.o(.data)
    __microlib_freelist_initialised          0x20000044   Data           4  mvars.o(.data)
    pFlash                                   0x20000048   Data          32  stm32f4xx_hal_flash.o(.bss)
    USART_RX_BUF                             0x20000068   Data         200  usart.o(.bss)
    UART1_Handler                            0x20000130   Data          64  usart.o(.bss)
    SDCARD_Handler                           0x20000170   Data          96  sdio_sdcard.o(.bss)
    SDCardInfo                               0x200001d0   Data          88  sdio_sdcard.o(.bss)
    SDIO_DATA_BUFFER                         0x20000228   Data         512  sdio_sdcard.o(.bss)
    fs                                       0x20000434   Data          12  exfuns.o(.bss)
    AppData                                  0x20001000   Data       153600  main.o(.ARM.__AT_0x20001000)
    iapbuf                                   0x20026800   Data        8192  iap.o(.bss)
    __heap_base                              0x20028800   Data           0  startup_stm32f429xx.o(HEAP)
    __heap_limit                             0x2002a800   Data           0  startup_stm32f429xx.o(HEAP)
    __initial_sp                             0x2002c800   Data           0  startup_stm32f429xx.o(STACK)



==============================================================================

Memory Map of the image

  Image Entry point : 0x080001ad

  Load Region LR_IROM1 (Base: 0x08000000, Size: 0x00005c84, Max: 0x00100000, ABSOLUTE)

    Execution Region ER_IROM1 (Exec base: 0x08000000, Load base: 0x08000000, Size: 0x00005c3c, Max: 0x00100000, ABSOLUTE)

    Exec Addr    Load Addr    Size         Type   Attr      Idx    E Section Name        Object

    0x08000000   0x08000000   0x000001ac   Data   RO          504    RESET               startup_stm32f429xx.o
    0x080001ac   0x080001ac   0x00000000   Code   RO         5486  * .ARM.Collect$$$$00000000  mc_w.l(entry.o)
    0x080001ac   0x080001ac   0x00000004   Code   RO         5794    .ARM.Collect$$$$00000001  mc_w.l(entry2.o)
    0x080001b0   0x080001b0   0x00000004   Code   RO         5797    .ARM.Collect$$$$00000004  mc_w.l(entry5.o)
    0x080001b4   0x080001b4   0x00000000   Code   RO         5799    .ARM.Collect$$$$00000008  mc_w.l(entry7b.o)
    0x080001b4   0x080001b4   0x00000000   Code   RO         5801    .ARM.Collect$$$$0000000A  mc_w.l(entry8b.o)
    0x080001b4   0x080001b4   0x00000008   Code   RO         5802    .ARM.Collect$$$$0000000B  mc_w.l(entry9a.o)
    0x080001bc   0x080001bc   0x00000004   Code   RO         5809    .ARM.Collect$$$$0000000E  mc_w.l(entry12b.o)
    0x080001c0   0x080001c0   0x00000000   Code   RO         5804    .ARM.Collect$$$$0000000F  mc_w.l(entry10a.o)
    0x080001c0   0x080001c0   0x00000000   Code   RO         5806    .ARM.Collect$$$$00000011  mc_w.l(entry11a.o)
    0x080001c0   0x080001c0   0x00000004   Code   RO         5795    .ARM.Collect$$$$00002712  mc_w.l(entry2.o)
    0x080001c4   0x080001c4   0x00000010   Code   RO         4497    .emb_text           sys.o
    0x080001d4   0x080001d4   0x00000024   Code   RO          505    .text               startup_stm32f429xx.o
    0x080001f8   0x080001f8   0x00000062   Code   RO         5489    .text               mc_w.l(uldiv.o)
    0x0800025a   0x0800025a   0x00000024   Code   RO         5491    .text               mc_w.l(memcpya.o)
    0x0800027e   0x0800027e   0x0000001e   Code   RO         5812    .text               mc_w.l(llshl.o)
    0x0800029c   0x0800029c   0x00000020   Code   RO         5814    .text               mc_w.l(llushr.o)
    0x080002bc   0x080002bc   0x00000024   Code   RO         5829    .text               mc_w.l(init.o)
    0x080002e0   0x080002e0   0x00000002   Code   RO          284    i.BusFault_Handler  stm32f4xx_it.o
    0x080002e2   0x080002e2   0x00000002   Code   RO          285    i.DebugMon_Handler  stm32f4xx_it.o
    0x080002e4   0x080002e4   0x00000060   Code   RO         4309    i.FLASH_Erase_Sector  stm32f4xx_hal_flash_ex.o
    0x08000344   0x08000344   0x00000054   Code   RO         4310    i.FLASH_FlushCaches  stm32f4xx_hal_flash_ex.o
    0x08000398   0x08000398   0x00000044   Code   RO         4311    i.FLASH_MassErase   stm32f4xx_hal_flash_ex.o
    0x080003dc   0x080003dc   0x00000020   Code   RO         4191    i.FLASH_Program_Byte  stm32f4xx_hal_flash.o
    0x080003fc   0x080003fc   0x00000028   Code   RO         4192    i.FLASH_Program_DoubleWord  stm32f4xx_hal_flash.o
    0x08000424   0x08000424   0x00000024   Code   RO         4193    i.FLASH_Program_HalfWord  stm32f4xx_hal_flash.o
    0x08000448   0x08000448   0x00000024   Code   RO         4194    i.FLASH_Program_Word  stm32f4xx_hal_flash.o
    0x0800046c   0x0800046c   0x00000088   Code   RO         4195    i.FLASH_SetErrorCode  stm32f4xx_hal_flash.o
    0x080004f4   0x080004f4   0x00000058   Code   RO         4196    i.FLASH_WaitForLastOperation  stm32f4xx_hal_flash.o
    0x0800054c   0x0800054c   0x00000016   Code   RO          519    i.HAL_Delay         stm32f4xx_hal.o
    0x08000562   0x08000562   0x00000002   PAD
    0x08000564   0x08000564   0x000000a0   Code   RO         4326    i.HAL_FLASHEx_Erase  stm32f4xx_hal_flash_ex.o
    0x08000604   0x08000604   0x00000014   Code   RO         4200    i.HAL_FLASH_Lock    stm32f4xx_hal_flash.o
    0x08000618   0x08000618   0x0000007c   Code   RO         4205    i.HAL_FLASH_Program  stm32f4xx_hal_flash.o
    0x08000694   0x08000694   0x00000028   Code   RO         4207    i.HAL_FLASH_Unlock  stm32f4xx_hal_flash.o
    0x080006bc   0x080006bc   0x000001e0   Code   RO          796    i.HAL_GPIO_Init     stm32f4xx_hal_gpio.o
    0x0800089c   0x0800089c   0x0000000e   Code   RO          800    i.HAL_GPIO_WritePin  stm32f4xx_hal_gpio.o
    0x080008aa   0x080008aa   0x00000002   PAD
    0x080008ac   0x080008ac   0x0000000c   Code   RO          527    i.HAL_GetTick       stm32f4xx_hal.o
    0x080008b8   0x080008b8   0x00000010   Code   RO          528    i.HAL_IncTick       stm32f4xx_hal.o
    0x080008c8   0x080008c8   0x00000034   Code   RO          529    i.HAL_Init          stm32f4xx_hal.o
    0x080008fc   0x080008fc   0x00000022   Code   RO          530    i.HAL_InitTick      stm32f4xx_hal.o
    0x0800091e   0x0800091e   0x00000008   Code   RO          532    i.HAL_MspInit       stm32f4xx_hal.o
    0x08000926   0x08000926   0x00000016   Code   RO          673    i.HAL_NVIC_EnableIRQ  stm32f4xx_hal_cortex.o
    0x0800093c   0x0800093c   0x00000040   Code   RO          679    i.HAL_NVIC_SetPriority  stm32f4xx_hal_cortex.o
    0x0800097c   0x0800097c   0x00000024   Code   RO          680    i.HAL_NVIC_SetPriorityGrouping  stm32f4xx_hal_cortex.o
    0x080009a0   0x080009a0   0x0000008c   Code   RO          985    i.HAL_PWREx_EnableOverDrive  stm32f4xx_hal_pwr_ex.o
    0x08000a2c   0x08000a2c   0x00000238   Code   RO         1052    i.HAL_RCC_ClockConfig  stm32f4xx_hal_rcc.o
    0x08000c64   0x08000c64   0x00000034   Code   RO         1057    i.HAL_RCC_GetHCLKFreq  stm32f4xx_hal_rcc.o
    0x08000c98   0x08000c98   0x0000002c   Code   RO         1059    i.HAL_RCC_GetPCLK1Freq  stm32f4xx_hal_rcc.o
    0x08000cc4   0x08000cc4   0x0000002c   Code   RO         1060    i.HAL_RCC_GetPCLK2Freq  stm32f4xx_hal_rcc.o
    0x08000cf0   0x08000cf0   0x00000084   Code   RO         1061    i.HAL_RCC_GetSysClockFreq  stm32f4xx_hal_rcc.o
    0x08000d74   0x08000d74   0x00000358   Code   RO         1064    i.HAL_RCC_OscConfig  stm32f4xx_hal_rcc.o
    0x080010cc   0x080010cc   0x0000029a   Code   RO         3557    i.HAL_SD_Get_CardInfo  stm32f4xx_hal_sd.o
    0x08001366   0x08001366   0x00000094   Code   RO         3560    i.HAL_SD_Init       stm32f4xx_hal_sd.o
    0x080013fa   0x080013fa   0x00000002   PAD
    0x080013fc   0x080013fc   0x00000084   Code   RO         4617    i.HAL_SD_MspInit    sdio_sdcard.o
    0x08001480   0x08001480   0x0000018c   Code   RO         3563    i.HAL_SD_ReadBlocks  stm32f4xx_hal_sd.o
    0x0800160c   0x0800160c   0x0000002c   Code   RO         3566    i.HAL_SD_StopTransfer  stm32f4xx_hal_sd.o
    0x08001638   0x08001638   0x0000007a   Code   RO         3567    i.HAL_SD_WideBusOperation_Config  stm32f4xx_hal_sd.o
    0x080016b2   0x080016b2   0x00000204   Code   RO         3568    i.HAL_SD_WriteBlocks  stm32f4xx_hal_sd.o
    0x080018b6   0x080018b6   0x0000001c   Code   RO          682    i.HAL_SYSTICK_CLKSourceConfig  stm32f4xx_hal_cortex.o
    0x080018d2   0x080018d2   0x00000028   Code   RO          684    i.HAL_SYSTICK_Config  stm32f4xx_hal_cortex.o
    0x080018fa   0x080018fa   0x00000002   Code   RO         1204    i.HAL_UART_ErrorCallback  stm32f4xx_hal_uart.o
    0x080018fc   0x080018fc   0x000000da   Code   RO         1207    i.HAL_UART_IRQHandler  stm32f4xx_hal_uart.o
    0x080019d6   0x080019d6   0x00000060   Code   RO         1208    i.HAL_UART_Init     stm32f4xx_hal_uart.o
    0x08001a36   0x08001a36   0x00000002   PAD
    0x08001a38   0x08001a38   0x00000094   Code   RO         4525    i.HAL_UART_MspInit  usart.o
    0x08001acc   0x08001acc   0x000000e0   Code   RO         1211    i.HAL_UART_Receive  stm32f4xx_hal_uart.o
    0x08001bac   0x08001bac   0x00000002   Code   RO         1214    i.HAL_UART_RxCpltCallback  stm32f4xx_hal_uart.o
    0x08001bae   0x08001bae   0x00000002   Code   RO         1219    i.HAL_UART_TxCpltCallback  stm32f4xx_hal_uart.o
    0x08001bb0   0x08001bb0   0x0000000c   Code   RO          286    i.HardFault_Handler  stm32f4xx_it.o
    0x08001bbc   0x08001bbc   0x00000094   Code   RO         4586    i.KEY_Init          key.o
    0x08001c50   0x08001c50   0x00000002   Code   RO          287    i.MemManage_Handler  stm32f4xx_it.o
    0x08001c52   0x08001c52   0x00000002   Code   RO          288    i.NMI_Handler       stm32f4xx_it.o
    0x08001c54   0x08001c54   0x00000020   Code   RO          686    i.NVIC_SetPriority  stm32f4xx_hal_cortex.o
    0x08001c74   0x08001c74   0x00000002   Code   RO          289    i.PendSV_Handler    stm32f4xx_it.o
    0x08001c76   0x08001c76   0x00000024   Code   RO         3451    i.SDIO_DataConfig   stm32f4xx_ll_sdmmc.o
    0x08001c9a   0x08001c9a   0x00000006   Code   RO         3452    i.SDIO_GetCommandResponse  stm32f4xx_ll_sdmmc.o
    0x08001ca0   0x08001ca0   0x00000008   Code   RO         3455    i.SDIO_GetPowerState  stm32f4xx_ll_sdmmc.o
    0x08001ca8   0x08001ca8   0x00000014   Code   RO         3456    i.SDIO_GetResponse  stm32f4xx_ll_sdmmc.o
    0x08001cbc   0x08001cbc   0x0000002a   Code   RO         3457    i.SDIO_Init         stm32f4xx_ll_sdmmc.o
    0x08001ce6   0x08001ce6   0x00000008   Code   RO         3459    i.SDIO_PowerState_ON  stm32f4xx_ll_sdmmc.o
    0x08001cee   0x08001cee   0x00000006   Code   RO         3460    i.SDIO_ReadFIFO     stm32f4xx_ll_sdmmc.o
    0x08001cf4   0x08001cf4   0x00000020   Code   RO         3461    i.SDIO_SendCommand  stm32f4xx_ll_sdmmc.o
    0x08001d14   0x08001d14   0x0000000a   Code   RO         3463    i.SDIO_WriteFIFO    stm32f4xx_ll_sdmmc.o
    0x08001d1e   0x08001d1e   0x0000002e   Code   RO         3572    i.SD_CmdError       stm32f4xx_hal_sd.o
    0x08001d4c   0x08001d4c   0x000000f4   Code   RO         3573    i.SD_CmdResp1Error  stm32f4xx_hal_sd.o
    0x08001e40   0x08001e40   0x00000030   Code   RO         3574    i.SD_CmdResp2Error  stm32f4xx_hal_sd.o
    0x08001e70   0x08001e70   0x00000024   Code   RO         3575    i.SD_CmdResp3Error  stm32f4xx_hal_sd.o
    0x08001e94   0x08001e94   0x0000007a   Code   RO         3576    i.SD_CmdResp6Error  stm32f4xx_hal_sd.o
    0x08001f0e   0x08001f0e   0x00000048   Code   RO         3577    i.SD_CmdResp7Error  stm32f4xx_hal_sd.o
    0x08001f56   0x08001f56   0x00000146   Code   RO         3582    i.SD_FindSCR        stm32f4xx_hal_sd.o
    0x0800209c   0x0800209c   0x00000040   Code   RO         4619    i.SD_Init           sdio_sdcard.o
    0x080020dc   0x080020dc   0x000000ea   Code   RO         3584    i.SD_Initialize_Cards  stm32f4xx_hal_sd.o
    0x080021c6   0x080021c6   0x00000002   PAD
    0x080021c8   0x080021c8   0x0000014c   Code   RO         3585    i.SD_IsCardProgramming  stm32f4xx_hal_sd.o
    0x08002314   0x08002314   0x00000160   Code   RO         3587    i.SD_PowerON        stm32f4xx_hal_sd.o
    0x08002474   0x08002474   0x00000078   Code   RO         4620    i.SD_ReadDisk       sdio_sdcard.o
    0x080024ec   0x080024ec   0x0000002e   Code   RO         3588    i.SD_Select_Deselect  stm32f4xx_hal_sd.o
    0x0800251a   0x0800251a   0x00000072   Code   RO         3590    i.SD_WideBus_Disable  stm32f4xx_hal_sd.o
    0x0800258c   0x0800258c   0x00000074   Code   RO         3591    i.SD_WideBus_Enable  stm32f4xx_hal_sd.o
    0x08002600   0x08002600   0x00000078   Code   RO         4621    i.SD_WriteDisk      sdio_sdcard.o
    0x08002678   0x08002678   0x00000144   Code   RO         4673    i.STMFLASH_GetFlashSector  iap.o
    0x080027bc   0x080027bc   0x00000004   Code   RO         4675    i.STMFLASH_ReadWord  iap.o
    0x080027c0   0x080027c0   0x000000a4   Code   RO         4676    i.STMFLASH_Write    iap.o
    0x08002864   0x08002864   0x00000002   Code   RO          290    i.SVC_Handler       stm32f4xx_it.o
    0x08002866   0x08002866   0x00000002   PAD
    0x08002868   0x08002868   0x00000080   Code   RO         4498    i.Stm32_Clock_Init  sys.o
    0x080028e8   0x080028e8   0x00000004   Code   RO          291    i.SysTick_Handler   stm32f4xx_it.o
    0x080028ec   0x080028ec   0x00000054   Code   RO          370    i.SystemInit        system_stm32f4xx.o
    0x08002940   0x08002940   0x0000002a   Code   RO         1226    i.UART_EndTransmit_IT  stm32f4xx_hal_uart.o
    0x0800296a   0x0800296a   0x000000b0   Code   RO         1227    i.UART_Receive_IT   stm32f4xx_hal_uart.o
    0x08002a1a   0x08002a1a   0x00000002   PAD
    0x08002a1c   0x08002a1c   0x000001f0   Code   RO         1228    i.UART_SetConfig    stm32f4xx_hal_uart.o
    0x08002c0c   0x08002c0c   0x0000006a   Code   RO         1229    i.UART_Transmit_IT  stm32f4xx_hal_uart.o
    0x08002c76   0x08002c76   0x000000c6   Code   RO         1230    i.UART_WaitOnFlagUntilTimeout  stm32f4xx_hal_uart.o
    0x08002d3c   0x08002d3c   0x00000078   Code   RO         4526    i.USART1_IRQHandler  usart.o
    0x08002db4   0x08002db4   0x00000002   Code   RO          292    i.UsageFault_Handler  stm32f4xx_it.o
    0x08002db6   0x08002db6   0x00000002   PAD
    0x08002db8   0x08002db8   0x00000020   Code   RO         5638    i.__0printf$5       mc_w.l(printf5.o)
    0x08002dd8   0x08002dd8   0x0000000e   Code   RO         5837    i.__scatterload_copy  mc_w.l(handlers.o)
    0x08002de6   0x08002de6   0x00000002   Code   RO         5838    i.__scatterload_null  mc_w.l(handlers.o)
    0x08002de8   0x08002de8   0x0000000e   Code   RO         5839    i.__scatterload_zeroinit  mc_w.l(handlers.o)
    0x08002df6   0x08002df6   0x00000002   PAD
    0x08002df8   0x08002df8   0x000002c0   Code   RO         5645    i._printf_core      mc_w.l(printf5.o)
    0x080030b8   0x080030b8   0x0000007a   Code   RO         4734    i.change_bitmap     ff.o
    0x08003132   0x08003132   0x00000002   PAD
    0x08003134   0x08003134   0x00000078   Code   RO         4735    i.check_fs          ff.o
    0x080031ac   0x080031ac   0x00000010   Code   RO         4736    i.chk_chr           ff.o
    0x080031bc   0x080031bc   0x00000032   Code   RO         4737    i.clmt_clust        ff.o
    0x080031ee   0x080031ee   0x00000018   Code   RO         4738    i.clust2sect        ff.o
    0x08003206   0x08003206   0x00000002   PAD
    0x08003208   0x08003208   0x00000094   Code   RO         4739    i.cmp_lfn           ff.o
    0x0800329c   0x0800329c   0x00000126   Code   RO         4740    i.create_chain      ff.o
    0x080033c2   0x080033c2   0x00000002   PAD
    0x080033c4   0x080033c4   0x0000022c   Code   RO         4741    i.create_name       ff.o
    0x080035f0   0x080035f0   0x00000080   Code   RO         4742    i.create_xdir       ff.o
    0x08003670   0x08003670   0x00000014   Code   RO         4459    i.delay_init        delay.o
    0x08003684   0x08003684   0x0000001a   Code   RO         4460    i.delay_ms          delay.o
    0x0800369e   0x0800369e   0x00000002   PAD
    0x080036a0   0x080036a0   0x00000038   Code   RO         4461    i.delay_us          delay.o
    0x080036d8   0x080036d8   0x0000005e   Code   RO         4743    i.dir_alloc         ff.o
    0x08003736   0x08003736   0x00000144   Code   RO         4744    i.dir_find          ff.o
    0x0800387a   0x0800387a   0x00000120   Code   RO         4745    i.dir_next          ff.o
    0x0800399a   0x0800399a   0x000000f0   Code   RO         4746    i.dir_read          ff.o
    0x08003a8a   0x08003a8a   0x000001c2   Code   RO         4747    i.dir_register      ff.o
    0x08003c4c   0x08003c4c   0x0000005e   Code   RO         4748    i.dir_remove        ff.o
    0x08003caa   0x08003caa   0x000000a6   Code   RO         4749    i.dir_sdi           ff.o
    0x08003d50   0x08003d50   0x00000010   Code   RO         5149    i.disk_initialize   diskio.o
    0x08003d60   0x08003d60   0x00000048   Code   RO         5150    i.disk_ioctl        diskio.o
    0x08003da8   0x08003da8   0x00000030   Code   RO         5151    i.disk_read         diskio.o
    0x08003dd8   0x08003dd8   0x00000004   Code   RO         5152    i.disk_status       diskio.o
    0x08003ddc   0x08003ddc   0x00000030   Code   RO         5153    i.disk_write        diskio.o
    0x08003e0c   0x08003e0c   0x0000005c   Code   RO         5224    i.exfuns_init       exfuns.o
    0x08003e68   0x08003e68   0x00000020   Code   RO         4750    i.f_close           ff.o
    0x08003e88   0x08003e88   0x0000004c   Code   RO         4758    i.f_mount           ff.o
    0x08003ed4   0x08003ed4   0x00000288   Code   RO         4759    i.f_open            ff.o
    0x0800415c   0x0800415c   0x000001a8   Code   RO         4764    i.f_read            ff.o
    0x08004304   0x08004304   0x0000015c   Code   RO         4769    i.f_sync            ff.o
    0x08004460   0x08004460   0x00000124   Code   RO         4771    i.f_unlink          ff.o
    0x08004584   0x08004584   0x00000054   Code   RO         5457    i.ff_convert        cc936.o
    0x080045d8   0x080045d8   0x00000004   Code   RO         5154    i.ff_memalloc       diskio.o
    0x080045dc   0x080045dc   0x00000004   Code   RO         5155    i.ff_memfree        diskio.o
    0x080045e0   0x080045e0   0x0000008c   Code   RO         5458    i.ff_wtoupper       cc936.o
    0x0800466c   0x0800466c   0x0000002e   Code   RO         4773    i.fill_fat_chain    ff.o
    0x0800469a   0x0800469a   0x00000086   Code   RO         4774    i.find_bitmap       ff.o
    0x08004720   0x08004720   0x000003a0   Code   RO         4775    i.find_volume       ff.o
    0x08004ac0   0x08004ac0   0x000000b8   Code   RO         4776    i.follow_path       ff.o
    0x08004b78   0x08004b78   0x00000014   Code   RO         4528    i.fputc             usart.o
    0x08004b8c   0x08004b8c   0x00000050   Code   RO         5766    i.free              mc_w.l(malloc.o)
    0x08004bdc   0x08004bdc   0x00000098   Code   RO         4777    i.gen_numname       ff.o
    0x08004c74   0x08004c74   0x0000012c   Code   RO         4778    i.get_fat           ff.o
    0x08004da0   0x08004da0   0x00000004   Code   RO         5156    i.get_fattime       diskio.o
    0x08004da4   0x08004da4   0x00000042   Code   RO         4780    i.get_ldnumber      ff.o
    0x08004de6   0x08004de6   0x00000002   PAD
    0x08004de8   0x08004de8   0x0000002c   Code   RO         4678    i.iap_load_app      iap.o
    0x08004e14   0x08004e14   0x0000006c   Code   RO         4679    i.iap_write_appbin  iap.o
    0x08004e80   0x08004e80   0x00000026   Code   RO         4782    i.ld_clust          ff.o
    0x08004ea6   0x08004ea6   0x00000016   Code   RO         4783    i.ld_dword          ff.o
    0x08004ebc   0x08004ebc   0x00000058   Code   RO         4784    i.ld_qword          ff.o
    0x08004f14   0x08004f14   0x0000000a   Code   RO         4785    i.ld_word           ff.o
    0x08004f1e   0x08004f1e   0x00000038   Code   RO         4786    i.load_obj_dir      ff.o
    0x08004f56   0x08004f56   0x000000b6   Code   RO         4787    i.load_xdir         ff.o
    0x0800500c   0x0800500c   0x00000234   Code   RO            4    i.main              main.o
    0x08005240   0x08005240   0x0000006c   Code   RO         5767    i.malloc            mc_w.l(malloc.o)
    0x080052ac   0x080052ac   0x00000018   Code   RO         4788    i.mem_cmp           ff.o
    0x080052c4   0x080052c4   0x00000012   Code   RO         4789    i.mem_cpy           ff.o
    0x080052d6   0x080052d6   0x0000000c   Code   RO         4790    i.mem_set           ff.o
    0x080052e2   0x080052e2   0x00000034   Code   RO         4791    i.move_window       ff.o
    0x08005316   0x08005316   0x00000002   PAD
    0x08005318   0x08005318   0x00000084   Code   RO         4792    i.pick_lfn          ff.o
    0x0800539c   0x0800539c   0x00000106   Code   RO         4793    i.put_fat           ff.o
    0x080054a2   0x080054a2   0x00000002   PAD
    0x080054a4   0x080054a4   0x00000074   Code   RO         4794    i.put_lfn           ff.o
    0x08005518   0x08005518   0x000000f4   Code   RO         4796    i.remove_chain      ff.o
    0x0800560c   0x0800560c   0x00000028   Code   RO         4797    i.st_clust          ff.o
    0x08005634   0x08005634   0x00000010   Code   RO         4798    i.st_dword          ff.o
    0x08005644   0x08005644   0x00000048   Code   RO         4799    i.st_qword          ff.o
    0x0800568c   0x0800568c   0x00000008   Code   RO         4800    i.st_word           ff.o
    0x08005694   0x08005694   0x00000066   Code   RO         4801    i.store_xdir        ff.o
    0x080056fa   0x080056fa   0x0000001a   Code   RO         4802    i.sum_sfn           ff.o
    0x08005714   0x08005714   0x00000088   Code   RO         4803    i.sync_fs           ff.o
    0x0800579c   0x0800579c   0x00000054   Code   RO         4804    i.sync_window       ff.o
    0x080057f0   0x080057f0   0x00000024   Code   RO         4529    i.uart_init         usart.o
    0x08005814   0x08005814   0x00000034   Code   RO         4805    i.validate          ff.o
    0x08005848   0x08005848   0x00000038   Code   RO         4806    i.xdir_sum          ff.o
    0x08005880   0x08005880   0x00000044   Code   RO         4807    i.xname_sum         ff.o
    0x080058c4   0x080058c4   0x00000010   Data   RO         1065    .constdata          stm32f4xx_hal_rcc.o
    0x080058d4   0x080058d4   0x0000004a   Data   RO         4809    .constdata          ff.o
    0x0800591e   0x0800591e   0x000002fe   Data   RO         5459    .constdata          cc936.o
    0x08005c1c   0x08005c1c   0x00000020   Data   RO         5835    Region$$Table       anon$$obj.o


    Execution Region RW_IRAM1 (Exec base: 0x20000000, Load base: 0x08005c3c, Size: 0x0002c800, Max: 0x00030000, ABSOLUTE)

    Exec Addr    Load Addr    Size         Type   Attr      Idx    E Section Name        Object

    0x20000000   0x08005c3c   0x00000004   Data   RW            6    .data               main.o
    0x20000004   0x08005c40   0x00000014   Data   RW          371    .data               system_stm32f4xx.o
    0x20000018   0x08005c54   0x00000004   Data   RW          535    .data               stm32f4xx_hal.o
    0x2000001c   0x08005c58   0x00000004   Data   RW         4462    .data               delay.o
    0x20000020   0x08005c5c   0x00000002   Data   RW         4531    .data               usart.o
    0x20000022   0x08005c5e   0x00000002   PAD
    0x20000024   0x08005c60   0x00000004   Data   RW         4532    .data               usart.o
    0x20000028   0x08005c64   0x00000004   Data   RW         4681    .data               iap.o
    0x2000002c   0x08005c68   0x00000002   Data   RW         4810    .data               ff.o
    0x2000002e   0x08005c6a   0x00000002   PAD
    0x20000030   0x08005c6c   0x0000000c   Data   RW         5231    .data               exfuns.o
    0x2000003c   0x08005c78   0x00000004   Data   RW         5233    .data               exfuns.o
    0x20000040   0x08005c7c   0x00000004   Data   RW         5816    .data               mc_w.l(mvars.o)
    0x20000044   0x08005c80   0x00000004   Data   RW         5817    .data               mc_w.l(mvars.o)
    0x20000048        -       0x00000020   Zero   RW         4208    .bss                stm32f4xx_hal_flash.o
    0x20000068        -       0x00000108   Zero   RW         4530    .bss                usart.o
    0x20000170        -       0x000002b8   Zero   RW         4622    .bss                sdio_sdcard.o
    0x20000428        -       0x0000000c   Zero   RW         4808    .bss                ff.o
    0x20000434        -       0x0000000c   Zero   RW         5226    .bss                exfuns.o
    0x20000440   0x08005c84   0x00000bc0   PAD
    0x20001000        -       0x00025800   Zero   RW            5    .ARM.__AT_0x20001000  main.o
    0x20026800        -       0x00002000   Zero   RW         4680    .bss                iap.o
    0x20028800        -       0x00002000   Zero   RW          503    HEAP                startup_stm32f429xx.o
    0x2002a800        -       0x00002000   Zero   RW          502    STACK               startup_stm32f429xx.o


==============================================================================

Image component sizes


      Code (inc. data)   RO Data    RW Data    ZI Data      Debug   Object Name

       224         22        766          0          0       2951   cc936.o
       102         10          0          4          0       1919   delay.o
       200          6          0          0          0       5415   diskio.o
        92          8          0         16         12       1674   exfuns.o
      8660         88         74          2         12      57044   ff.o
       644        110          0          4       8192       4839   iap.o
       148         16          0          0          0        995   key.o
       564        226          0          4     153600     443023   main.o
       436         28          0          0        696       3967   sdio_sdcard.o
        36          8        428          0      16384        828   startup_stm32f429xx.o
       144         16          0          4          0       4732   stm32f4xx_hal.o
       222         14          0          0          0      31041   stm32f4xx_hal_cortex.o
       552         66          0          0         32       6150   stm32f4xx_hal_flash.o
       408         22          0          0          0       3458   stm32f4xx_hal_flash_ex.o
       494         54          0          0          0       2612   stm32f4xx_hal_gpio.o
       140         14          0          0          0       1320   stm32f4xx_hal_pwr_ex.o
      1696         72         16          0          0       6935   stm32f4xx_hal_rcc.o
      3980         20          0          0          0      23096   stm32f4xx_hal_sd.o
      1562          8          0          0          0       9150   stm32f4xx_hal_uart.o
        30          4          0          0          0       4014   stm32f4xx_it.o
       168          6          0          0          0       6073   stm32f4xx_ll_sdmmc.o
       144          8          0          0          0       1667   sys.o
        84         18          0         20          0       1045   system_stm32f4xx.o
       324         38          0          6        264       4335   usart.o

    ----------------------------------------------------------------------
     21084        882       1316         64     182200     628283   Object Totals
         0          0         32          0          0          0   (incl. Generated)
        30          0          0          4       3008          0   (incl. Padding)

    ----------------------------------------------------------------------

      Code (inc. data)   RO Data    RW Data    ZI Data      Debug   Library Member Name

         0          0          0          0          0          0   entry.o
         0          0          0          0          0          0   entry10a.o
         0          0          0          0          0          0   entry11a.o
         4          0          0          0          0          0   entry12b.o
         8          4          0          0          0          0   entry2.o
         4          0          0          0          0          0   entry5.o
         0          0          0          0          0          0   entry7b.o
         0          0          0          0          0          0   entry8b.o
         8          4          0          0          0          0   entry9a.o
        30          0          0          0          0          0   handlers.o
        36          8          0          0          0         68   init.o
        30          0          0          0          0         68   llshl.o
        32          0          0          0          0         68   llushr.o
       188         20          0          0          0        160   malloc.o
        36          0          0          0          0         68   memcpya.o
         0          0          0          8          0          0   mvars.o
       736         54          0          0          0        184   printf5.o
        98          0          0          0          0         92   uldiv.o

    ----------------------------------------------------------------------
      1212         90          0          8          0        708   Library Totals
         2          0          0          0          0          0   (incl. Padding)

    ----------------------------------------------------------------------

      Code (inc. data)   RO Data    RW Data    ZI Data      Debug   Library Name

      1210         90          0          8          0        708   mc_w.l

    ----------------------------------------------------------------------
      1212         90          0          8          0        708   Library Totals

    ----------------------------------------------------------------------

==============================================================================


      Code (inc. data)   RO Data    RW Data    ZI Data      Debug   

     22296        972       1316         72     182200     612783   Grand Totals
     22296        972       1316         72     182200     612783   ELF Image Totals
     22296        972       1316         72          0          0   ROM Totals

==============================================================================

    Total RO  Size (Code + RO Data)                23612 (  23.06kB)
    Total RW  Size (RW Data + ZI Data)            182272 ( 178.00kB)
    Total ROM Size (Code + RO Data + RW Data)      23684 (  23.13kB)

==============================================================================

